Archive member included to satisfy reference by file (symbol)

/usr/lib/gcc/arm-none-eabi/14.2.0/../../../../arm-none-eabi/lib/thumb/v8-m.main+fp/softfp/libm.a(libm_a-wf_sqrt.o)
                              CMakeFiles/pico2_blinky.dir/home/lucanotreally/progetti/elettronica/rpi_pico/pico-sdk/src/rp2_common/pico_float/float_math.c.o (sqrtf)
/usr/lib/gcc/arm-none-eabi/14.2.0/../../../../arm-none-eabi/lib/thumb/v8-m.main+fp/softfp/libm.a(libm_a-ef_sqrt.o)
                              /usr/lib/gcc/arm-none-eabi/14.2.0/../../../../arm-none-eabi/lib/thumb/v8-m.main+fp/softfp/libm.a(libm_a-wf_sqrt.o) (__ieee754_sqrtf)
/usr/lib/gcc/arm-none-eabi/14.2.0/thumb/v8-m.main+fp/softfp/libgcc.a(_arm_addsubdf3.o)
                              CMakeFiles/pico2_blinky.dir/main.c.o (__aeabi_f2d)
/usr/lib/gcc/arm-none-eabi/14.2.0/thumb/v8-m.main+fp/softfp/libgcc.a(_aeabi_ldivmod.o)
                              CMakeFiles/pico2_blinky.dir/home/lucanotreally/progetti/elettronica/rpi_pico/pico-sdk/src/common/pico_time/time.c.o (__aeabi_ldivmod)
/usr/lib/gcc/arm-none-eabi/14.2.0/thumb/v8-m.main+fp/softfp/libgcc.a(_aeabi_uldivmod.o)
                              CMakeFiles/pico2_blinky.dir/home/lucanotreally/progetti/elettronica/rpi_pico/pico-sdk/src/rp2_common/hardware_clocks/clocks.c.o (__aeabi_uldivmod)
/usr/lib/gcc/arm-none-eabi/14.2.0/thumb/v8-m.main+fp/softfp/libgcc.a(_udivmoddi4.o)
                              /usr/lib/gcc/arm-none-eabi/14.2.0/thumb/v8-m.main+fp/softfp/libgcc.a(_aeabi_ldivmod.o) (__udivmoddi4)
/usr/lib/gcc/arm-none-eabi/14.2.0/thumb/v8-m.main+fp/softfp/libgcc.a(_dvmd_tls.o)
                              /usr/lib/gcc/arm-none-eabi/14.2.0/thumb/v8-m.main+fp/softfp/libgcc.a(_aeabi_ldivmod.o) (__aeabi_ldiv0)
/usr/lib/gcc/arm-none-eabi/14.2.0/../../../../arm-none-eabi/lib/thumb/v8-m.main+fp/softfp/libg.a(libc_a-atexit.o)
                              /usr/lib/gcc/arm-none-eabi/14.2.0/../../../../arm-none-eabi/lib/thumb/v8-m.main+fp/softfp/crt0.o (atexit)
/usr/lib/gcc/arm-none-eabi/14.2.0/../../../../arm-none-eabi/lib/thumb/v8-m.main+fp/softfp/libg.a(libc_a-calloc.o)
                              CMakeFiles/pico2_blinky.dir/home/lucanotreally/progetti/elettronica/rpi_pico/pico-sdk/src/rp2_common/pico_malloc/malloc.c.o (calloc)
/usr/lib/gcc/arm-none-eabi/14.2.0/../../../../arm-none-eabi/lib/thumb/v8-m.main+fp/softfp/libg.a(libc_a-callocr.o)
                              /usr/lib/gcc/arm-none-eabi/14.2.0/../../../../arm-none-eabi/lib/thumb/v8-m.main+fp/softfp/libg.a(libc_a-calloc.o) (_calloc_r)
/usr/lib/gcc/arm-none-eabi/14.2.0/../../../../arm-none-eabi/lib/thumb/v8-m.main+fp/softfp/libg.a(libc_a-malloc.o)
                              CMakeFiles/pico2_blinky.dir/home/lucanotreally/progetti/elettronica/rpi_pico/pico-sdk/src/rp2_common/pico_malloc/malloc.c.o (malloc)
/usr/lib/gcc/arm-none-eabi/14.2.0/../../../../arm-none-eabi/lib/thumb/v8-m.main+fp/softfp/libg.a(libc_a-mallocr.o)
                              /usr/lib/gcc/arm-none-eabi/14.2.0/../../../../arm-none-eabi/lib/thumb/v8-m.main+fp/softfp/libg.a(libc_a-callocr.o) (_malloc_r)
/usr/lib/gcc/arm-none-eabi/14.2.0/../../../../arm-none-eabi/lib/thumb/v8-m.main+fp/softfp/libg.a(libc_a-mlock.o)
                              /usr/lib/gcc/arm-none-eabi/14.2.0/../../../../arm-none-eabi/lib/thumb/v8-m.main+fp/softfp/libg.a(libc_a-mallocr.o) (__malloc_lock)
/usr/lib/gcc/arm-none-eabi/14.2.0/../../../../arm-none-eabi/lib/thumb/v8-m.main+fp/softfp/libg.a(libc_a-realloc.o)
                              CMakeFiles/pico2_blinky.dir/home/lucanotreally/progetti/elettronica/rpi_pico/pico-sdk/src/rp2_common/pico_malloc/malloc.c.o (realloc)
/usr/lib/gcc/arm-none-eabi/14.2.0/../../../../arm-none-eabi/lib/thumb/v8-m.main+fp/softfp/libg.a(libc_a-reallocr.o)
                              /usr/lib/gcc/arm-none-eabi/14.2.0/../../../../arm-none-eabi/lib/thumb/v8-m.main+fp/softfp/libg.a(libc_a-realloc.o) (_realloc_r)
/usr/lib/gcc/arm-none-eabi/14.2.0/../../../../arm-none-eabi/lib/thumb/v8-m.main+fp/softfp/libg.a(libc_a-memcmp.o)
                              CMakeFiles/pico2_blinky.dir/home/lucanotreally/progetti/elettronica/rpi_pico/pico-sdk/src/rp2_common/pico_atomic/atomic.c.o (memcmp)
/usr/lib/gcc/arm-none-eabi/14.2.0/../../../../arm-none-eabi/lib/thumb/v8-m.main+fp/softfp/libg.a(libc_a-memmove.o)
                              /usr/lib/gcc/arm-none-eabi/14.2.0/../../../../arm-none-eabi/lib/thumb/v8-m.main+fp/softfp/libg.a(libc_a-reallocr.o) (memmove)
/usr/lib/gcc/arm-none-eabi/14.2.0/../../../../arm-none-eabi/lib/thumb/v8-m.main+fp/softfp/libg.a(libc_a-memset.o)
                              /usr/lib/gcc/arm-none-eabi/14.2.0/../../../../arm-none-eabi/lib/thumb/v8-m.main+fp/softfp/crt0.o (memset)
/usr/lib/gcc/arm-none-eabi/14.2.0/../../../../arm-none-eabi/lib/thumb/v8-m.main+fp/softfp/libg.a(libc_a-lcltime_r.o)
                              CMakeFiles/pico2_blinky.dir/home/lucanotreally/progetti/elettronica/rpi_pico/pico-sdk/src/common/pico_util/datetime.c.o (localtime_r)
[...]
Memory Configuration

Name             Origin             Length             Attributes
FLASH            0x10000000         0x00400000         xr
RAM              0x20000000         0x00080000         xrw
SCRATCH_X        0x20080000         0x00001000         xrw
SCRATCH_Y        0x20081000         0x00001000         xrw
*default*        0x00000000         0xffffffff

Linker script and memory map

LOAD /usr/lib/gcc/arm-none-eabi/14.2.0/thumb/v8-m.main+fp/softfp/crti.o
LOAD /usr/lib/gcc/arm-none-eabi/14.2.0/thumb/v8-m.main+fp/softfp/crtbegin.o
LOAD /usr/lib/gcc/arm-none-eabi/14.2.0/../../../../arm-none-eabi/lib/thumb/v8-m.main+fp/softfp/crt0.o

.flash_begin    0x10000000        0x0
                0x10000000                        __flash_binary_start = .

.text           0x10000000     0x63d4
                0x10000000                        __logical_binary_start = .
 *(.vectors)
 .vectors       0x10000000      0x124 CMakeFiles/pico2_blinky.dir/home/lucanotreally/progetti/elettronica/rpi_pico/pico-sdk/src/rp2_common/pico_crt0/crt0.S.o
                0x10000000                __vectors
                0x10000000                __VECTOR_TABLE
                0x10000110                isr_invalid
                0x10000110                __default_isrs_start
                0x10000112                isr_nmi
                0x10000114                isr_hardfault
                0x10000116                isr_svcall
                0x10000118                isr_pendsv
                0x1000011a                isr_systick
                0x1000011c                isr_irq30
                0x1000011c                __unhandled_user_irq
                0x1000011c                isr_irq49
                0x1000011c                isr_irq13
                0x1000011c                isr_irq43
                0x1000011c                isr_irq45
                0x1000011c                isr_irq27
                0x1000011c                isr_irq32
                0x1000011c                isr_irq31
                0x1000011c                isr_irq5
                0x1000011c                isr_irq11
                0x1000011c                isr_irq23
                0x1000011c                isr_irq48
                0x1000011c                isr_irq35
                0x1000011c                isr_irq18
                0x1000011c                isr_irq50
                0x1000011c                isr_irq40
                0x1000011c                isr_irq28
                0x1000011c                isr_irq19
                0x1000011c                isr_irq36
                0x1000011c                isr_irq41
                0x1000011c                isr_irq0
                0x1000011c                isr_irq6
                0x1000011c                isr_irq37
                0x1000011c                isr_irq42
                0x1000011c                isr_irq22
                0x1000011c                isr_irq17
                0x1000011c                isr_irq38
                0x1000011c                isr_irq14
                0x1000011c                isr_irq2
                0x1000011c                isr_irq10
                0x1000011c                isr_irq8
                0x1000011c                isr_irq24
                0x1000011c                isr_irq46
                0x1000011c                isr_irq1
                0x1000011c                isr_irq47
                0x1000011c                isr_irq51
                0x1000011c                isr_irq7
                0x1000011c                isr_irq21
                0x1000011c                isr_irq39
                0x1000011c                isr_irq20
                0x1000011c                isr_irq15
                0x1000011c                isr_irq25
                0x1000011c                isr_irq34
                0x1000011c                isr_irq4
                0x1000011c                isr_irq16
                0x1000011c                isr_irq44
                0x1000011c                isr_irq29
                0x1000011c                isr_irq26
                0x1000011c                __default_isrs_end
                0x1000011c                isr_irq33
                0x1000011c                isr_irq3
                0x1000011c                isr_irq12
                0x1000011c                isr_irq9
                0x10000122                unhandled_user_irq_num_in_r0
 *(.binary_info_header)
 .binary_info_header
                0x10000124       0x14 CMakeFiles/pico2_blinky.dir/home/lucanotreally/progetti/elettronica/rpi_pico/pico-sdk/src/rp2_common/pico_crt0/crt0.S.o
                0x10000138                        __binary_info_header_end = .
 *(.embedded_block)
 .embedded_block
                0x10000138       0x14 CMakeFiles/pico2_blinky.dir/home/lucanotreally/progetti/elettronica/rpi_pico/pico-sdk/src/rp2_common/pico_crt0/crt0.S.o
                0x1000014c                        __embedded_block_end = .
 *(.reset)
 .reset         0x1000014c       0xa0 CMakeFiles/pico2_blinky.dir/home/lucanotreally/progetti/elettronica/rpi_pico/pico-sdk/src/rp2_common/pico_crt0/crt0.S.o
                0x1000014c                _entry_point
 *(.init)
 .init          0x100001ec        0x4 /usr/lib/gcc/arm-none-eabi/14.2.0/thumb/v8-m.main+fp/softfp/crti.o
                0x100001ec                _init
 *libgcc.a:cmse_nonsecure_call.o()
 *(EXCLUDE_FILE(*libm.a: *libc.a:*lib_a-mem*.o *libgcc.a:) .text*)
 .text.frame_dummy
                0x100001f0       0x1c /usr/lib/gcc/arm-none-eabi/14.2.0/thumb/v8-m.main+fp/softfp/crtbegin.o
 .text.startup.main
                0x1000020c      0x258 CMakeFiles/pico2_blinky.dir/main.c.o
                0x1000020c                main
 .text.setup_default_uart
                0x10000464       0x2c CMakeFiles/pico2_blinky.dir/home/lucanotreally/progetti/elettronica/rpi_pico/pico-sdk/src/rp2_common/pico_stdlib/stdlib.c.o
                0x10000464                setup_default_uart
 .text.gpio_set_function
                0x10000490       0x3c CMakeFiles/pico2_blinky.dir/home/lucanotreally/progetti/elettronica/rpi_pico/pico-sdk/src/rp2_common/hardware_gpio/gpio.c.o
                0x10000490                gpio_set_function
 .text.panic    0x100004cc       0x30 CMakeFiles/pico2_blinky.dir/home/lucanotreally/progetti/elettronica/rpi_pico/pico-sdk/src/rp2_common/pico_platform_panic/panic.c.o
                0x100004cc                panic
 .text.hw_claim_lock
                0x100004fc       0x24 CMakeFiles/pico2_blinky.dir/home/lucanotreally/progetti/elettronica/rpi_pico/pico-sdk/src/common/hardware_claim/claim.c.o
                0x100004fc                hw_claim_lock
 .text.hw_claim_unlock
                0x10000520       0x14 CMakeFiles/pico2_blinky.dir/home/lucanotreally/progetti/elettronica/rpi_pico/pico-sdk/src/common/hardware_claim/claim.c.o
                0x10000520                hw_claim_unlock
 .text.hw_claim_or_assert
                0x10000534       0x58 CMakeFiles/pico2_blinky.dir/home/lucanotreally/progetti/elettronica/rpi_pico/pico-sdk/src/common/hardware_claim/claim.c.o
                0x10000534                hw_claim_or_assert
 .text.hw_claim_unused_from_range
                0x1000058c       0x80 CMakeFiles/pico2_blinky.dir/home/lucanotreally/progetti/elettronica/rpi_pico/pico-sdk/src/common/hardware_claim/claim.c.o
                0x1000058c                hw_claim_unused_from_range
 .text.next_striped_spin_lock_num
                0x1000060c       0x18 CMakeFiles/pico2_blinky.dir/home/lucanotreally/progetti/elettronica/rpi_pico/pico-sdk/src/rp2_common/hardware_sync/sync.c.o
                0x1000060c                next_striped_spin_lock_num
 .text.spin_lock_claim_unused
                0x10000624       0x20 CMakeFiles/pico2_blinky.dir/home/lucanotreally/progetti/elettronica/rpi_pico/pico-sdk/src/rp2_common/hardware_sync/sync.c.o
                0x10000624                spin_lock_claim_unused
 .text.spinlock_set_extexclall
                0x10000644       0x10 CMakeFiles/pico2_blinky.dir/home/lucanotreally/progetti/elettronica/rpi_pico/pico-sdk/src/rp2_common/hardware_sync_spin_lock/sync_spin_lock.c.o
 .text.spin_locks_reset
                0x10000654       0x18 CMakeFiles/pico2_blinky.dir/home/lucanotreally/progetti/elettronica/rpi_pico/pico-sdk/src/rp2_common/hardware_sync_spin_lock/sync_spin_lock.c.o
                0x10000654                spin_locks_reset
 .text.runtime_init_per_core_irq_priorities
                0x1000066c       0x40 CMakeFiles/pico2_blinky.dir/home/lucanotreally/progetti/elettronica/rpi_pico/pico-sdk/src/rp2_common/hardware_irq/irq.c.o
                0x1000066c                runtime_init_per_core_irq_priorities
 .text.irq_set_enabled
                0x100006ac       0x2c CMakeFiles/pico2_blinky.dir/home/lucanotreally/progetti/elettronica/rpi_pico/pico-sdk/src/rp2_common/hardware_irq/irq.c.o
                0x100006ac                irq_set_enabled
 .text.irq_is_enabled
                0x100006d8       0x20 CMakeFiles/pico2_blinky.dir/home/lucanotreally/progetti/elettronica/rpi_pico/pico-sdk/src/rp2_common/hardware_irq/irq.c.o
                0x100006d8                irq_is_enabled
 .text.irq_set_pending
                0x100006f8       0x18 CMakeFiles/pico2_blinky.dir/home/lucanotreally/progetti/elettronica/rpi_pico/pico-sdk/src/rp2_common/hardware_irq/irq.c.o
                0x100006f8                irq_set_pending
 .text.irq_has_shared_handler
                0x10000710       0x20 CMakeFiles/pico2_blinky.dir/home/lucanotreally/progetti/elettronica/rpi_pico/pico-sdk/src/rp2_common/hardware_irq/irq.c.o
                0x10000710                irq_has_shared_handler
 .text.irq_set_exclusive_handler
                0x10000730       0x60 CMakeFiles/pico2_blinky.dir/home/lucanotreally/progetti/elettronica/rpi_pico/pico-sdk/src/rp2_common/hardware_irq/irq.c.o
                0x10000730                irq_set_exclusive_handler
 .text.irq_add_shared_handler
                0x10000790      0x1e8 CMakeFiles/pico2_blinky.dir/home/lucanotreally/progetti/elettronica/rpi_pico/pico-sdk/src/rp2_common/hardware_irq/irq.c.o
                0x10000790                irq_add_shared_handler
 .text.irq_add_tail_to_free_list
                0x10000978       0xbc CMakeFiles/pico2_blinky.dir/home/lucanotreally/progetti/elettronica/rpi_pico/pico-sdk/src/rp2_common/hardware_irq/irq.c.o
                0x10000978                irq_add_tail_to_free_list
 .text.user_irq_claim_unused
                0x10000a34       0x28 CMakeFiles/pico2_blinky.dir/home/lucanotreally/progetti/elettronica/rpi_pico/pico-sdk/src/rp2_common/hardware_irq/irq.c.o
                0x10000a34                user_irq_claim_unused
 .text.lock_init
                0x10000a5c        0xc CMakeFiles/pico2_blinky.dir/home/lucanotreally/progetti/elettronica/rpi_pico/pico-sdk/src/common/pico_sync/lock_core.c.o
                0x10000a5c                lock_init
 .text.runtime_init_mutex
                0x10000a68       0x4c CMakeFiles/pico2_blinky.dir/home/lucanotreally/progetti/elettronica/rpi_pico/pico-sdk/src/common/pico_sync/mutex.c.o
                0x10000a68                runtime_init_mutex
 .text.mutex_init
                0x10000ab4       0x1c CMakeFiles/pico2_blinky.dir/home/lucanotreally/progetti/elettronica/rpi_pico/pico-sdk/src/common/pico_sync/mutex.c.o
                0x10000ab4                mutex_init
 .text.critical_section_init
                0x10000ad0       0x1c CMakeFiles/pico2_blinky.dir/home/lucanotreally/progetti/elettronica/rpi_pico/pico-sdk/src/common/pico_sync/critical_section.c.o
                0x10000ad0                critical_section_init
 .text.critical_section_init_with_lock_num
                0x10000aec       0x10 CMakeFiles/pico2_blinky.dir/home/lucanotreally/progetti/elettronica/rpi_pico/pico-sdk/src/common/pico_sync/critical_section.c.o
                0x10000aec                critical_section_init_with_lock_num
 .text.sleep_until_callback
                0x10000afc       0x3c CMakeFiles/pico2_blinky.dir/home/lucanotreally/progetti/elettronica/rpi_pico/pico-sdk/src/common/pico_time/time.c.o
 .text.alarm_pool_irq_handler
                0x10000b38      0x2f0 CMakeFiles/pico2_blinky.dir/home/lucanotreally/progetti/elettronica/rpi_pico/pico-sdk/src/common/pico_time/time.c.o
 .text.runtime_init_default_alarm_pool
                0x10000e28      0x100 CMakeFiles/pico2_blinky.dir/home/lucanotreally/progetti/elettronica/rpi_pico/pico-sdk/src/common/pico_time/time.c.o
                0x10000e28                runtime_init_default_alarm_pool
 .text.alarm_pool_get_default
                0x10000f28        0x8 CMakeFiles/pico2_blinky.dir/home/lucanotreally/progetti/elettronica/rpi_pico/pico-sdk/src/common/pico_time/time.c.o
                0x10000f28                alarm_pool_get_default
 .text.alarm_pool_add_alarm_at
                0x10000f30       0xdc CMakeFiles/pico2_blinky.dir/home/lucanotreally/progetti/elettronica/rpi_pico/pico-sdk/src/common/pico_time/time.c.o
                0x10000f30                alarm_pool_add_alarm_at
 .text.alarm_pool_add_alarm_at_force_in_context
                0x1000100c       0xc8 CMakeFiles/pico2_blinky.dir/home/lucanotreally/progetti/elettronica/rpi_pico/pico-sdk/src/common/pico_time/time.c.o
                0x1000100c                alarm_pool_add_alarm_at_force_in_context
 .text.alarm_pool_cancel_alarm
                0x100010d4       0x80 CMakeFiles/pico2_blinky.dir/home/lucanotreally/progetti/elettronica/rpi_pico/pico-sdk/src/common/pico_time/time.c.o
                0x100010d4                alarm_pool_cancel_alarm
 .text.alarm_pool_core_num
                0x10001154        0x4 CMakeFiles/pico2_blinky.dir/home/lucanotreally/progetti/elettronica/rpi_pico/pico-sdk/src/common/pico_time/time.c.o
                0x10001154                alarm_pool_core_num
 .text.sleep_ms
                0x10001158       0xdc CMakeFiles/pico2_blinky.dir/home/lucanotreally/progetti/elettronica/rpi_pico/pico-sdk/src/common/pico_time/time.c.o
                0x10001158                sleep_ms
 .text.best_effort_wfe_or_timeout
                0x10001234       0xd4 CMakeFiles/pico2_blinky.dir/home/lucanotreally/progetti/elettronica/rpi_pico/pico-sdk/src/common/pico_time/time.c.o
                0x10001234                best_effort_wfe_or_timeout
 .text.timer_hardware_alarm_claim
                0x10001308       0x24 CMakeFiles/pico2_blinky.dir/home/lucanotreally/progetti/elettronica/rpi_pico/pico-sdk/src/rp2_common/hardware_timer/timer.c.o
                0x10001308                timer_hardware_alarm_claim
 .text.timer_time_us_64
                0x1000132c       0x10 CMakeFiles/pico2_blinky.dir/home/lucanotreally/progetti/elettronica/rpi_pico/pico-sdk/src/rp2_common/hardware_timer/timer.c.o
                0x1000132c                timer_time_us_64
 .text.time_us_64
                0x1000133c       0x14 CMakeFiles/pico2_blinky.dir/home/lucanotreally/progetti/elettronica/rpi_pico/pico-sdk/src/rp2_common/hardware_timer/timer.c.o
                0x1000133c                time_us_64
 .text.busy_wait_us
                0x10001350       0x5c CMakeFiles/pico2_blinky.dir/home/lucanotreally/progetti/elettronica/rpi_pico/pico-sdk/src/rp2_common/hardware_timer/timer.c.o
                0x10001350                busy_wait_us
 .text.busy_wait_until
                0x100013ac       0x24 CMakeFiles/pico2_blinky.dir/home/lucanotreally/progetti/elettronica/rpi_pico/pico-sdk/src/rp2_common/hardware_timer/timer.c.o
                0x100013ac                busy_wait_until
 .text.uart_init
                0x100013d0      0x104 CMakeFiles/pico2_blinky.dir/home/lucanotreally/progetti/elettronica/rpi_pico/pico-sdk/src/rp2_common/hardware_uart/uart.c.o
                0x100013d0                uart_init
 .text.clock_configure_undivided
                0x100014d4       0xd0 CMakeFiles/pico2_blinky.dir/home/lucanotreally/progetti/elettronica/rpi_pico/pico-sdk/src/rp2_common/hardware_clocks/clocks.c.o
                0x100014d4                clock_configure_undivided
 .text.clock_get_hz
                0x100015a4        0xc CMakeFiles/pico2_blinky.dir/home/lucanotreally/progetti/elettronica/rpi_pico/pico-sdk/src/rp2_common/hardware_clocks/clocks.c.o
                0x100015a4                clock_get_hz
 .text.pll_init
                0x100015b0       0x8c CMakeFiles/pico2_blinky.dir/home/lucanotreally/progetti/elettronica/rpi_pico/pico-sdk/src/rp2_common/hardware_pll/pll.c.o
                0x100015b0                pll_init
 .text.watchdog_reboot
                0x1000163c       0x98 CMakeFiles/pico2_blinky.dir/home/lucanotreally/progetti/elettronica/rpi_pico/pico-sdk/src/rp2_common/hardware_watchdog/watchdog.c.o
                0x1000163c                watchdog_reboot
 .text.tick_start
                0x100016d4       0x18 CMakeFiles/pico2_blinky.dir/home/lucanotreally/progetti/elettronica/rpi_pico/pico-sdk/src/rp2_common/hardware_ticks/ticks.c.o
                0x100016d4                tick_start
 .text.rom_reboot.constprop.0.isra.0
                0x100016ec       0x34 CMakeFiles/pico2_blinky.dir/home/lucanotreally/progetti/elettronica/rpi_pico/pico-sdk/src/rp2_common/pico_bootrom/bootrom.c.o
 .text.rom_func_lookup
                0x10001720       0x18 CMakeFiles/pico2_blinky.dir/home/lucanotreally/progetti/elettronica/rpi_pico/pico-sdk/src/rp2_common/pico_bootrom/bootrom.c.o
                0x10001720                rom_func_lookup
 .text.rom_reset_usb_boot_extra
                0x10001738       0x1c CMakeFiles/pico2_blinky.dir/home/lucanotreally/progetti/elettronica/rpi_pico/pico-sdk/src/rp2_common/pico_bootrom/bootrom.c.o
                0x10001738                rom_reset_usb_boot_extra
 .text.runtime_init_bootrom_locking_enable
                0x10001754       0x14 CMakeFiles/pico2_blinky.dir/home/lucanotreally/progetti/elettronica/rpi_pico/pico-sdk/src/rp2_common/pico_bootrom/bootrom_lock.c.o
                0x10001754                runtime_init_bootrom_locking_enable
 .text.runtime_init_boot_locks_reset
                0x10001768       0x1c CMakeFiles/pico2_blinky.dir/home/lucanotreally/progetti/elettronica/rpi_pico/pico-sdk/src/rp2_common/hardware_boot_lock/boot_lock.c.o
                0x10001768                runtime_init_boot_locks_reset
 .text.xosc_init
                0x10001784       0x30 CMakeFiles/pico2_blinky.dir/home/lucanotreally/progetti/elettronica/rpi_pico/pico-sdk/src/rp2_common/hardware_xosc/xosc.c.o
                0x10001784                xosc_init
 .text.first_per_core_initializer
                0x100017b4        0x4 CMakeFiles/pico2_blinky.dir/home/lucanotreally/progetti/elettronica/rpi_pico/pico-sdk/src/rp2_common/pico_runtime/runtime.c.o
 .text.hard_assertion_failure
                0x100017b8        0xc CMakeFiles/pico2_blinky.dir/home/lucanotreally/progetti/elettronica/rpi_pico/pico-sdk/src/rp2_common/pico_runtime/runtime.c.o
                0x100017b8                hard_assertion_failure
 .text.runtime_run_initializers
                0x100017c4       0x20 CMakeFiles/pico2_blinky.dir/home/lucanotreally/progetti/elettronica/rpi_pico/pico-sdk/src/rp2_common/pico_runtime/runtime.c.o
                0x100017c4                runtime_run_initializers
 .text.runtime_init_early_resets
                0x100017e4       0x34 CMakeFiles/pico2_blinky.dir/home/lucanotreally/progetti/elettronica/rpi_pico/pico-sdk/src/rp2_common/pico_runtime_init/runtime_init.c.o
                0x100017e4                runtime_init_early_resets
 .text.runtime_init_usb_power_down
                0x10001818       0x1c CMakeFiles/pico2_blinky.dir/home/lucanotreally/progetti/elettronica/rpi_pico/pico-sdk/src/rp2_common/pico_runtime_init/runtime_init.c.o
                0x10001818                runtime_init_usb_power_down
 .text.runtime_init_per_core_enable_coprocessors
                0x10001834       0x1c CMakeFiles/pico2_blinky.dir/home/lucanotreally/progetti/elettronica/rpi_pico/pico-sdk/src/rp2_common/pico_runtime_init/runtime_init.c.o
                0x10001834                runtime_init_per_core_enable_coprocessors
 .text.runtime_init_post_clock_resets
                0x10001850       0x20 CMakeFiles/pico2_blinky.dir/home/lucanotreally/progetti/elettronica/rpi_pico/pico-sdk/src/rp2_common/pico_runtime_init/runtime_init.c.o
                0x10001850                runtime_init_post_clock_resets
 .text.runtime_init_bootrom_reset
                0x10001870       0x14 CMakeFiles/pico2_blinky.dir/home/lucanotreally/progetti/elettronica/rpi_pico/pico-sdk/src/rp2_common/pico_runtime_init/runtime_init.c.o
                0x10001870                runtime_init_bootrom_reset
 .text.runtime_init_per_core_bootrom_reset
                0x10001884       0x14 CMakeFiles/pico2_blinky.dir/home/lucanotreally/progetti/elettronica/rpi_pico/pico-sdk/src/rp2_common/pico_runtime_init/runtime_init.c.o
                0x10001884                runtime_init_per_core_bootrom_reset
 .text.runtime_init_spin_locks_reset
                0x10001898        0x4 CMakeFiles/pico2_blinky.dir/home/lucanotreally/progetti/elettronica/rpi_pico/pico-sdk/src/rp2_common/pico_runtime_init/runtime_init.c.o
                0x10001898                runtime_init_spin_locks_reset
 .text.runtime_init_install_ram_vector_table
                0x1000189c       0x20 CMakeFiles/pico2_blinky.dir/home/lucanotreally/progetti/elettronica/rpi_pico/pico-sdk/src/rp2_common/pico_runtime_init/runtime_init.c.o
                0x1000189c                runtime_init_install_ram_vector_table
 .text.runtime_init_clocks
                0x100018bc       0xdc CMakeFiles/pico2_blinky.dir/home/lucanotreally/progetti/elettronica/rpi_pico/pico-sdk/src/rp2_common/pico_runtime_init/runtime_init_clocks.c.o
                0x100018bc                runtime_init_clocks
 .text.__rp2350_dcp_engaged_state_save_restore
                0x10001998       0x3a CMakeFiles/pico2_blinky.dir/home/lucanotreally/progetti/elettronica/rpi_pico/pico-sdk/src/rp2_common/pico_double/double_aeabi_dcp.S.o
 *fill*         0x100019d2        0x2 
 .text.__wrap___aeabi_dadd
                0x100019d4       0x28 CMakeFiles/pico2_blinky.dir/home/lucanotreally/progetti/elettronica/rpi_pico/pico-sdk/src/rp2_common/pico_double/double_aeabi_dcp.S.o
                0x100019dc                __wrap___aeabi_dadd
 .text.__wrap___aeabi_dsub
                0x100019fc       0x28 CMakeFiles/pico2_blinky.dir/home/lucanotreally/progetti/elettronica/rpi_pico/pico-sdk/src/rp2_common/pico_double/double_aeabi_dcp.S.o
                0x10001a04                __wrap___aeabi_dsub
 .text.__wrap___aeabi_dmul
                0x10001a24       0x4c CMakeFiles/pico2_blinky.dir/home/lucanotreally/progetti/elettronica/rpi_pico/pico-sdk/src/rp2_common/pico_double/double_aeabi_dcp.S.o
                0x10001a2c                __wrap___aeabi_dmul
 .text.__wrap___aeabi_ddiv
                0x10001a70       0x9c CMakeFiles/pico2_blinky.dir/home/lucanotreally/progetti/elettronica/rpi_pico/pico-sdk/src/rp2_common/pico_double/double_aeabi_dcp.S.o
                0x10001a78                __wrap___aeabi_ddiv
 .text.__wrap___aeabi_i2d
                0x10001b0c       0x24 CMakeFiles/pico2_blinky.dir/home/lucanotreally/progetti/elettronica/rpi_pico/pico-sdk/src/rp2_common/pico_double/double_aeabi_dcp.S.o
                0x10001b14                __wrap___aeabi_i2d
                0x10001b14                int2double
 .text.__wrap___aeabi_ui2d
                0x10001b30       0x24 CMakeFiles/pico2_blinky.dir/home/lucanotreally/progetti/elettronica/rpi_pico/pico-sdk/src/rp2_common/pico_double/double_aeabi_dcp.S.o
                0x10001b38                __wrap___aeabi_ui2d
                0x10001b38                uint2double
 .text.__wrap___aeabi_d2iz
                0x10001b54       0x24 CMakeFiles/pico2_blinky.dir/home/lucanotreally/progetti/elettronica/rpi_pico/pico-sdk/src/rp2_common/pico_double/double_aeabi_dcp.S.o
                0x10001b5c                __wrap___aeabi_d2iz
                0x10001b5c                double2int_z
 .text.__wrap___aeabi_d2uiz
                0x10001b78       0x24 CMakeFiles/pico2_blinky.dir/home/lucanotreally/progetti/elettronica/rpi_pico/pico-sdk/src/rp2_common/pico_double/double_aeabi_dcp.S.o
                0x10001b80                double2uint_z
                0x10001b80                double2uint
                0x10001b80                __wrap___aeabi_d2uiz
 .text.__wrap___aeabi_dcmpun
                0x10001b9c       0x24 CMakeFiles/pico2_blinky.dir/home/lucanotreally/progetti/elettronica/rpi_pico/pico-sdk/src/rp2_common/pico_double/double_aeabi_dcp.S.o
                0x10001ba4                __wrap___aeabi_dcmpun
 .text.__wrap___aeabi_dcmplt
                0x10001bc0       0x28 CMakeFiles/pico2_blinky.dir/home/lucanotreally/progetti/elettronica/rpi_pico/pico-sdk/src/rp2_common/pico_double/double_aeabi_dcp.S.o
                0x10001bc8                __wrap___aeabi_dcmplt
 .text.__wrap___aeabi_dcmple
                0x10001be8       0x28 CMakeFiles/pico2_blinky.dir/home/lucanotreally/progetti/elettronica/rpi_pico/pico-sdk/src/rp2_common/pico_double/double_aeabi_dcp.S.o
                0x10001bf0                __wrap___aeabi_dcmple
 .text.__wrap___aeabi_dcmpge
                0x10001c10       0x28 CMakeFiles/pico2_blinky.dir/home/lucanotreally/progetti/elettronica/rpi_pico/pico-sdk/src/rp2_common/pico_double/double_aeabi_dcp.S.o
                0x10001c18                __wrap___aeabi_dcmpge
 .text.__wrap___aeabi_dcmpgt
                0x10001c38       0x28 CMakeFiles/pico2_blinky.dir/home/lucanotreally/progetti/elettronica/rpi_pico/pico-sdk/src/rp2_common/pico_double/double_aeabi_dcp.S.o
                0x10001c40                __wrap___aeabi_dcmpgt
 .text._out_null
                0x10001c60        0x4 CMakeFiles/pico2_blinky.dir/home/lucanotreally/progetti/elettronica/rpi_pico/pico-sdk/src/rp2_common/pico_printf/printf.c.o
 .text._out_rev
                0x10001c64       0x9c CMakeFiles/pico2_blinky.dir/home/lucanotreally/progetti/elettronica/rpi_pico/pico-sdk/src/rp2_common/pico_printf/printf.c.o
 .text._ntoa_format
                0x10001d00      0x1d4 CMakeFiles/pico2_blinky.dir/home/lucanotreally/progetti/elettronica/rpi_pico/pico-sdk/src/rp2_common/pico_printf/printf.c.o
 .text._out_char
                0x10001ed4        0x8 CMakeFiles/pico2_blinky.dir/home/lucanotreally/progetti/elettronica/rpi_pico/pico-sdk/src/rp2_common/pico_printf/printf.c.o
 .text._out_fct
                0x10001edc        0xc CMakeFiles/pico2_blinky.dir/home/lucanotreally/progetti/elettronica/rpi_pico/pico-sdk/src/rp2_common/pico_printf/printf.c.o
 .text._ftoa    0x10001ee8      0x4bc CMakeFiles/pico2_blinky.dir/home/lucanotreally/progetti/elettronica/rpi_pico/pico-sdk/src/rp2_common/pico_printf/printf.c.o
 *fill*         0x100023a4        0x4 
 .text._etoa    0x100023a8      0x574 CMakeFiles/pico2_blinky.dir/home/lucanotreally/progetti/elettronica/rpi_pico/pico-sdk/src/rp2_common/pico_printf/printf.c.o
 .text._vsnprintf
                0x1000291c      0x9e4 CMakeFiles/pico2_blinky.dir/home/lucanotreally/progetti/elettronica/rpi_pico/pico-sdk/src/rp2_common/pico_printf/printf.c.o
 .text.vfctprintf
                0x10003300       0x28 CMakeFiles/pico2_blinky.dir/home/lucanotreally/progetti/elettronica/rpi_pico/pico-sdk/src/rp2_common/pico_printf/printf.c.o
                0x10003300                vfctprintf
 .text.weak_raw_vprintf
                0x10003328       0x30 CMakeFiles/pico2_blinky.dir/home/lucanotreally/progetti/elettronica/rpi_pico/pico-sdk/src/rp2_common/pico_printf/printf.c.o
                0x10003328                weak_raw_vprintf
 .text._exit    0x10003358        0x4 CMakeFiles/pico2_blinky.dir/home/lucanotreally/progetti/elettronica/rpi_pico/pico-sdk/src/rp2_common/pico_clib_interface/newlib_interface.c.o
                0x10003358                _exit
 .text.exit     0x1000335c        0x8 CMakeFiles/pico2_blinky.dir/home/lucanotreally/progetti/elettronica/rpi_pico/pico-sdk/src/rp2_common/pico_clib_interface/newlib_interface.c.o
                0x1000335c                exit
 .text.runtime_init
                0x10003364       0x24 CMakeFiles/pico2_blinky.dir/home/lucanotreally/progetti/elettronica/rpi_pico/pico-sdk/src/rp2_common/pico_clib_interface/newlib_interface.c.o
                0x10003364                runtime_init
 .text.stdio_out_chars_no_crlf
                0x10003388        0x8 CMakeFiles/pico2_blinky.dir/home/lucanotreally/progetti/elettronica/rpi_pico/pico-sdk/src/rp2_common/pico_stdio/stdio.c.o
 .text.stdio_out_chars_crlf
                0x10003390       0xb0 CMakeFiles/pico2_blinky.dir/home/lucanotreally/progetti/elettronica/rpi_pico/pico-sdk/src/rp2_common/pico_stdio/stdio.c.o
 .text.stdio_buffered_printer
                0x10003440       0x60 CMakeFiles/pico2_blinky.dir/home/lucanotreally/progetti/elettronica/rpi_pico/pico-sdk/src/rp2_common/pico_stdio/stdio.c.o
 .text.stdio_put_string
                0x100034a0       0xec CMakeFiles/pico2_blinky.dir/home/lucanotreally/progetti/elettronica/rpi_pico/pico-sdk/src/rp2_common/pico_stdio/stdio.c.o
                0x100034a0                stdio_put_string
 .text.stdio_set_driver_enabled
                0x1000358c       0x28 CMakeFiles/pico2_blinky.dir/home/lucanotreally/progetti/elettronica/rpi_pico/pico-sdk/src/rp2_common/pico_stdio/stdio.c.o
                0x1000358c                stdio_set_driver_enabled
 .text.stdio_init_all
                0x100035b4        0x4 CMakeFiles/pico2_blinky.dir/home/lucanotreally/progetti/elettronica/rpi_pico/pico-sdk/src/rp2_common/pico_stdio/stdio.c.o
                0x100035b4                stdio_init_all
 .text.__wrap_putchar
                0x100035b8       0x84 CMakeFiles/pico2_blinky.dir/home/lucanotreally/progetti/elettronica/rpi_pico/pico-sdk/src/rp2_common/pico_stdio/stdio.c.o
                0x100035b8                stdio_putchar
                0x100035b8                __wrap_putchar
 .text.__wrap_puts
                0x1000363c       0x3c CMakeFiles/pico2_blinky.dir/home/lucanotreally/progetti/elettronica/rpi_pico/pico-sdk/src/rp2_common/pico_stdio/stdio.c.o
                0x1000363c                __wrap_puts
                0x1000363c                stdio_puts
 .text.__wrap_vprintf
                0x10003678       0xc4 CMakeFiles/pico2_blinky.dir/home/lucanotreally/progetti/elettronica/rpi_pico/pico-sdk/src/rp2_common/pico_stdio/stdio.c.o
                0x10003678                __wrap_vprintf
                0x10003678                stdio_vprintf
 .text.__wrap_printf
                0x1000373c       0x1c CMakeFiles/pico2_blinky.dir/home/lucanotreally/progetti/elettronica/rpi_pico/pico-sdk/src/rp2_common/pico_stdio/stdio.c.o
                0x1000373c                stdio_printf
                0x1000373c                __wrap_printf
 .text.resetd_init
                0x10003758        0x4 CMakeFiles/pico2_blinky.dir/home/lucanotreally/progetti/elettronica/rpi_pico/pico-sdk/src/rp2_common/pico_stdio_usb/reset_interface.c.o
 .text.resetd_reset
                0x1000375c        0xc CMakeFiles/pico2_blinky.dir/home/lucanotreally/progetti/elettronica/rpi_pico/pico-sdk/src/rp2_common/pico_stdio_usb/reset_interface.c.o
 .text.resetd_open
                0x10003768       0x28 CMakeFiles/pico2_blinky.dir/home/lucanotreally/progetti/elettronica/rpi_pico/pico-sdk/src/rp2_common/pico_stdio_usb/reset_interface.c.o
 .text.resetd_xfer_cb
                0x10003790        0x4 CMakeFiles/pico2_blinky.dir/home/lucanotreally/progetti/elettronica/rpi_pico/pico-sdk/src/rp2_common/pico_stdio_usb/reset_interface.c.o
 .text.resetd_control_xfer_cb
                0x10003794       0x50 CMakeFiles/pico2_blinky.dir/home/lucanotreally/progetti/elettronica/rpi_pico/pico-sdk/src/rp2_common/pico_stdio_usb/reset_interface.c.o
 .text.tud_descriptor_bos_cb
                0x100037e4        0x8 CMakeFiles/pico2_blinky.dir/home/lucanotreally/progetti/elettronica/rpi_pico/pico-sdk/src/rp2_common/pico_stdio_usb/reset_interface.c.o
                0x100037e4                tud_descriptor_bos_cb
 .text.tud_vendor_control_xfer_cb
                0x100037ec       0x28 CMakeFiles/pico2_blinky.dir/home/lucanotreally/progetti/elettronica/rpi_pico/pico-sdk/src/rp2_common/pico_stdio_usb/reset_interface.c.o
                0x100037ec                tud_vendor_control_xfer_cb
 .text.usbd_app_driver_get_cb
                0x10003814       0x10 CMakeFiles/pico2_blinky.dir/home/lucanotreally/progetti/elettronica/rpi_pico/pico-sdk/src/rp2_common/pico_stdio_usb/reset_interface.c.o
                0x10003814                usbd_app_driver_get_cb
 .text.tud_cdc_line_coding_cb
                0x10003824       0x18 CMakeFiles/pico2_blinky.dir/home/lucanotreally/progetti/elettronica/rpi_pico/pico-sdk/src/rp2_common/pico_stdio_usb/reset_interface.c.o
                0x10003824                tud_cdc_line_coding_cb
 .text.stdio_usb_set_chars_available_callback
                0x1000383c       0x14 CMakeFiles/pico2_blinky.dir/home/lucanotreally/progetti/elettronica/rpi_pico/pico-sdk/src/rp2_common/pico_stdio_usb/stdio_usb.c.o
                0x1000383c                stdio_usb_set_chars_available_callback
 .text.timer_task
                0x10003850       0x70 CMakeFiles/pico2_blinky.dir/home/lucanotreally/progetti/elettronica/rpi_pico/pico-sdk/src/rp2_common/pico_stdio_usb/stdio_usb.c.o
 .text.usb_irq  0x100038c0        0xc CMakeFiles/pico2_blinky.dir/home/lucanotreally/progetti/elettronica/rpi_pico/pico-sdk/src/rp2_common/pico_stdio_usb/stdio_usb.c.o
 .text.stdio_usb_in_chars
                0x100038cc       0x88 CMakeFiles/pico2_blinky.dir/home/lucanotreally/progetti/elettronica/rpi_pico/pico-sdk/src/rp2_common/pico_stdio_usb/stdio_usb.c.o
                0x100038cc                stdio_usb_in_chars
 .text.stdio_usb_out_flush
                0x10003954       0x54 CMakeFiles/pico2_blinky.dir/home/lucanotreally/progetti/elettronica/rpi_pico/pico-sdk/src/rp2_common/pico_stdio_usb/stdio_usb.c.o
 .text.stdio_usb_out_chars
                0x100039a8       0xf4 CMakeFiles/pico2_blinky.dir/home/lucanotreally/progetti/elettronica/rpi_pico/pico-sdk/src/rp2_common/pico_stdio_usb/stdio_usb.c.o
 .text.low_priority_worker_irq
                0x10003a9c       0xd8 CMakeFiles/pico2_blinky.dir/home/lucanotreally/progetti/elettronica/rpi_pico/pico-sdk/src/rp2_common/pico_stdio_usb/stdio_usb.c.o
 .text.stdio_usb_init
                0x10003b74       0xe8 CMakeFiles/pico2_blinky.dir/home/lucanotreally/progetti/elettronica/rpi_pico/pico-sdk/src/rp2_common/pico_stdio_usb/stdio_usb.c.o
                0x10003b74                stdio_usb_init
 .text.tud_descriptor_device_cb
                0x10003c5c        0x8 CMakeFiles/pico2_blinky.dir/home/lucanotreally/progetti/elettronica/rpi_pico/pico-sdk/src/rp2_common/pico_stdio_usb/stdio_usb_descriptors.c.o
                0x10003c5c                tud_descriptor_device_cb
 .text.tud_descriptor_configuration_cb
                0x10003c64        0x8 CMakeFiles/pico2_blinky.dir/home/lucanotreally/progetti/elettronica/rpi_pico/pico-sdk/src/rp2_common/pico_stdio_usb/stdio_usb_descriptors.c.o
                0x10003c64                tud_descriptor_configuration_cb
 .text.tud_descriptor_string_cb
                0x10003c6c       0x70 CMakeFiles/pico2_blinky.dir/home/lucanotreally/progetti/elettronica/rpi_pico/pico-sdk/src/rp2_common/pico_stdio_usb/stdio_usb_descriptors.c.o
                0x10003c6c                tud_descriptor_string_cb
 .text.startup._retrieve_unique_id_on_boot
                0x10003cdc       0x30 CMakeFiles/pico2_blinky.dir/home/lucanotreally/progetti/elettronica/rpi_pico/pico-sdk/src/rp2_common/pico_unique_id/unique_id.c.o
 .text.pico_get_unique_board_id_string
                0x10003d0c      0x184 CMakeFiles/pico2_blinky.dir/home/lucanotreally/progetti/elettronica/rpi_pico/pico-sdk/src/rp2_common/pico_unique_id/unique_id.c.o
                0x10003d0c                pico_get_unique_board_id_string
 .text.dcd_init
                0x10003e90       0x8c CMakeFiles/pico2_blinky.dir/home/lucanotreally/progetti/elettronica/rpi_pico/pico-sdk/lib/tinyusb/src/portable/raspberrypi/rp2040/dcd_rp2040.c.o
                0x10003e90                dcd_init
 .text.dcd_int_enable
                0x10003f1c        0x8 CMakeFiles/pico2_blinky.dir/home/lucanotreally/progetti/elettronica/rpi_pico/pico-sdk/lib/tinyusb/src/portable/raspberrypi/rp2040/dcd_rp2040.c.o
                0x10003f1c                dcd_int_enable
 .text.dcd_set_address
                0x10003f24       0x10 CMakeFiles/pico2_blinky.dir/home/lucanotreally/progetti/elettronica/rpi_pico/pico-sdk/lib/tinyusb/src/portable/raspberrypi/rp2040/dcd_rp2040.c.o
                0x10003f24                dcd_set_address
 .text.dcd_sof_enable
                0x10003f34       0x1c CMakeFiles/pico2_blinky.dir/home/lucanotreally/progetti/elettronica/rpi_pico/pico-sdk/lib/tinyusb/src/portable/raspberrypi/rp2040/dcd_rp2040.c.o
                0x10003f34                dcd_sof_enable
 .text.dcd_edpt0_status_complete
                0x10003f50       0x1c CMakeFiles/pico2_blinky.dir/home/lucanotreally/progetti/elettronica/rpi_pico/pico-sdk/lib/tinyusb/src/portable/raspberrypi/rp2040/dcd_rp2040.c.o
                0x10003f50                dcd_edpt0_status_complete
 .text.dcd_edpt_open
                0x10003f6c      0x104 CMakeFiles/pico2_blinky.dir/home/lucanotreally/progetti/elettronica/rpi_pico/pico-sdk/lib/tinyusb/src/portable/raspberrypi/rp2040/dcd_rp2040.c.o
                0x10003f6c                dcd_edpt_open
 .text.dcd_edpt_close_all
                0x10004070        0x4 CMakeFiles/pico2_blinky.dir/home/lucanotreally/progetti/elettronica/rpi_pico/pico-sdk/lib/tinyusb/src/portable/raspberrypi/rp2040/dcd_rp2040.c.o
                0x10004070                dcd_edpt_close_all
 .text.dcd_edpt_xfer
                0x10004074       0x28 CMakeFiles/pico2_blinky.dir/home/lucanotreally/progetti/elettronica/rpi_pico/pico-sdk/lib/tinyusb/src/portable/raspberrypi/rp2040/dcd_rp2040.c.o
                0x10004074                dcd_edpt_xfer
 .text.dcd_edpt_stall
                0x1000409c       0x30 CMakeFiles/pico2_blinky.dir/home/lucanotreally/progetti/elettronica/rpi_pico/pico-sdk/lib/tinyusb/src/portable/raspberrypi/rp2040/dcd_rp2040.c.o
                0x1000409c                dcd_edpt_stall
 .text.dcd_edpt_clear_stall
                0x100040cc       0x24 CMakeFiles/pico2_blinky.dir/home/lucanotreally/progetti/elettronica/rpi_pico/pico-sdk/lib/tinyusb/src/portable/raspberrypi/rp2040/dcd_rp2040.c.o
                0x100040cc                dcd_edpt_clear_stall
 .text.rp2040_usb_init
                0x100040f0       0x40 CMakeFiles/pico2_blinky.dir/home/lucanotreally/progetti/elettronica/rpi_pico/pico-sdk/lib/tinyusb/src/portable/raspberrypi/rp2040/rp2040_usb.c.o
                0x100040f0                rp2040_usb_init
 .text.hw_endpoint_xfer_start
                0x10004130       0x40 CMakeFiles/pico2_blinky.dir/home/lucanotreally/progetti/elettronica/rpi_pico/pico-sdk/lib/tinyusb/src/portable/raspberrypi/rp2040/rp2040_usb.c.o
                0x10004130                hw_endpoint_xfer_start
 .text.configuration_reset
                0x10004170       0x8c CMakeFiles/pico2_blinky.dir/home/lucanotreally/progetti/elettronica/rpi_pico/pico-sdk/lib/tinyusb/src/device/usbd.c.o
 .text.tud_event_hook_cb
                0x100041fc        0x4 CMakeFiles/pico2_blinky.dir/home/lucanotreally/progetti/elettronica/rpi_pico/pico-sdk/lib/tinyusb/src/device/usbd.c.o
                0x100041fc                tud_event_hook_cb
 .text.tud_sof_cb
                0x10004200        0x4 CMakeFiles/pico2_blinky.dir/home/lucanotreally/progetti/elettronica/rpi_pico/pico-sdk/lib/tinyusb/src/device/usbd.c.o
                0x10004200                tud_sof_cb
 .text.tud_descriptor_device_qualifier_cb
                0x10004204        0x4 CMakeFiles/pico2_blinky.dir/home/lucanotreally/progetti/elettronica/rpi_pico/pico-sdk/lib/tinyusb/src/device/usbd.c.o
                0x10004204                tud_descriptor_device_qualifier_cb
 .text.tud_descriptor_other_speed_configuration_cb
                0x10004208        0x4 CMakeFiles/pico2_blinky.dir/home/lucanotreally/progetti/elettronica/rpi_pico/pico-sdk/lib/tinyusb/src/device/usbd.c.o
                0x10004208                tud_descriptor_other_speed_configuration_cb
 .text.tud_mount_cb
                0x1000420c        0x4 CMakeFiles/pico2_blinky.dir/home/lucanotreally/progetti/elettronica/rpi_pico/pico-sdk/lib/tinyusb/src/device/usbd.c.o
                0x1000420c                tud_mount_cb
 .text.tud_umount_cb
                0x10004210        0x4 CMakeFiles/pico2_blinky.dir/home/lucanotreally/progetti/elettronica/rpi_pico/pico-sdk/lib/tinyusb/src/device/usbd.c.o
                0x10004210                tud_umount_cb
 .text.tud_suspend_cb
                0x10004214        0x4 CMakeFiles/pico2_blinky.dir/home/lucanotreally/progetti/elettronica/rpi_pico/pico-sdk/lib/tinyusb/src/device/usbd.c.o
                0x10004214                tud_suspend_cb
 .text.tud_resume_cb
                0x10004218        0x4 CMakeFiles/pico2_blinky.dir/home/lucanotreally/progetti/elettronica/rpi_pico/pico-sdk/lib/tinyusb/src/device/usbd.c.o
                0x10004218                tud_resume_cb
 .text.tud_mounted
                0x1000421c       0x10 CMakeFiles/pico2_blinky.dir/home/lucanotreally/progetti/elettronica/rpi_pico/pico-sdk/lib/tinyusb/src/device/usbd.c.o
                0x1000421c                tud_mounted
 .text.tud_suspended
                0x1000422c       0x10 CMakeFiles/pico2_blinky.dir/home/lucanotreally/progetti/elettronica/rpi_pico/pico-sdk/lib/tinyusb/src/device/usbd.c.o
                0x1000422c                tud_suspended
 .text.tud_rhport_init
                0x1000423c       0xf4 CMakeFiles/pico2_blinky.dir/home/lucanotreally/progetti/elettronica/rpi_pico/pico-sdk/lib/tinyusb/src/device/usbd.c.o
                0x1000423c                tud_rhport_init
 .text.tud_task_ext
                0x10004330      0x784 CMakeFiles/pico2_blinky.dir/home/lucanotreally/progetti/elettronica/rpi_pico/pico-sdk/lib/tinyusb/src/device/usbd.c.o
                0x10004330                tud_task_ext
 .text.usbd_open_edpt_pair
                0x10004ab4       0x9c CMakeFiles/pico2_blinky.dir/home/lucanotreally/progetti/elettronica/rpi_pico/pico-sdk/lib/tinyusb/src/device/usbd.c.o
                0x10004ab4                usbd_open_edpt_pair
 .text.usbd_edpt_open
                0x10004b50       0x44 CMakeFiles/pico2_blinky.dir/home/lucanotreally/progetti/elettronica/rpi_pico/pico-sdk/lib/tinyusb/src/device/usbd.c.o
                0x10004b50                usbd_edpt_open
 .text.usbd_edpt_claim
                0x10004b94       0x24 CMakeFiles/pico2_blinky.dir/home/lucanotreally/progetti/elettronica/rpi_pico/pico-sdk/lib/tinyusb/src/device/usbd.c.o
                0x10004b94                usbd_edpt_claim
 .text.usbd_edpt_release
                0x10004bb8       0x24 CMakeFiles/pico2_blinky.dir/home/lucanotreally/progetti/elettronica/rpi_pico/pico-sdk/lib/tinyusb/src/device/usbd.c.o
                0x10004bb8                usbd_edpt_release
 .text.usbd_edpt_xfer
                0x10004bdc       0x70 CMakeFiles/pico2_blinky.dir/home/lucanotreally/progetti/elettronica/rpi_pico/pico-sdk/lib/tinyusb/src/device/usbd.c.o
                0x10004bdc                usbd_edpt_xfer
 .text.tud_control_status
                0x10004c4c       0x34 CMakeFiles/pico2_blinky.dir/home/lucanotreally/progetti/elettronica/rpi_pico/pico-sdk/lib/tinyusb/src/device/usbd_control.c.o
                0x10004c4c                tud_control_status
 .text.tud_control_xfer
                0x10004c80       0xb0 CMakeFiles/pico2_blinky.dir/home/lucanotreally/progetti/elettronica/rpi_pico/pico-sdk/lib/tinyusb/src/device/usbd_control.c.o
                0x10004c80                tud_control_xfer
 .text.usbd_control_reset
                0x10004d30       0x14 CMakeFiles/pico2_blinky.dir/home/lucanotreally/progetti/elettronica/rpi_pico/pico-sdk/lib/tinyusb/src/device/usbd_control.c.o
                0x10004d30                usbd_control_reset
 .text.usbd_control_set_complete_callback
                0x10004d44        0xc CMakeFiles/pico2_blinky.dir/home/lucanotreally/progetti/elettronica/rpi_pico/pico-sdk/lib/tinyusb/src/device/usbd_control.c.o
                0x10004d44                usbd_control_set_complete_callback
 .text.usbd_control_set_request
                0x10004d50       0x1c CMakeFiles/pico2_blinky.dir/home/lucanotreally/progetti/elettronica/rpi_pico/pico-sdk/lib/tinyusb/src/device/usbd_control.c.o
                0x10004d50                usbd_control_set_request
 .text.usbd_control_xfer_cb
                0x10004d6c      0x100 CMakeFiles/pico2_blinky.dir/home/lucanotreally/progetti/elettronica/rpi_pico/pico-sdk/lib/tinyusb/src/device/usbd_control.c.o
                0x10004d6c                usbd_control_xfer_cb
 .text._prep_out_transaction.isra.0
                0x10004e6c       0x74 CMakeFiles/pico2_blinky.dir/home/lucanotreally/progetti/elettronica/rpi_pico/pico-sdk/lib/tinyusb/src/class/cdc/cdc_device.c.o
 .text.tud_cdc_n_connected
                0x10004ee0       0x2c CMakeFiles/pico2_blinky.dir/home/lucanotreally/progetti/elettronica/rpi_pico/pico-sdk/lib/tinyusb/src/class/cdc/cdc_device.c.o
                0x10004ee0                tud_cdc_n_connected
 .text.tud_cdc_n_available
                0x10004f0c       0x14 CMakeFiles/pico2_blinky.dir/home/lucanotreally/progetti/elettronica/rpi_pico/pico-sdk/lib/tinyusb/src/class/cdc/cdc_device.c.o
                0x10004f0c                tud_cdc_n_available
 .text.tud_cdc_n_read
                0x10004f20       0x90 CMakeFiles/pico2_blinky.dir/home/lucanotreally/progetti/elettronica/rpi_pico/pico-sdk/lib/tinyusb/src/class/cdc/cdc_device.c.o
                0x10004f20                tud_cdc_n_read
 .text.tud_cdc_n_write_flush
                0x10004fb0       0x8c CMakeFiles/pico2_blinky.dir/home/lucanotreally/progetti/elettronica/rpi_pico/pico-sdk/lib/tinyusb/src/class/cdc/cdc_device.c.o
                0x10004fb0                tud_cdc_n_write_flush
 .text.tud_cdc_n_write
                0x1000503c       0x40 CMakeFiles/pico2_blinky.dir/home/lucanotreally/progetti/elettronica/rpi_pico/pico-sdk/lib/tinyusb/src/class/cdc/cdc_device.c.o
                0x1000503c                tud_cdc_n_write
 .text.tud_cdc_n_write_available
                0x1000507c       0x14 CMakeFiles/pico2_blinky.dir/home/lucanotreally/progetti/elettronica/rpi_pico/pico-sdk/lib/tinyusb/src/class/cdc/cdc_device.c.o
                0x1000507c                tud_cdc_n_write_available
 .text.cdcd_init
                0x10005090       0x70 CMakeFiles/pico2_blinky.dir/home/lucanotreally/progetti/elettronica/rpi_pico/pico-sdk/lib/tinyusb/src/class/cdc/cdc_device.c.o
                0x10005090                cdcd_init
 .text.cdcd_deinit
                0x10005100       0x30 CMakeFiles/pico2_blinky.dir/home/lucanotreally/progetti/elettronica/rpi_pico/pico-sdk/lib/tinyusb/src/class/cdc/cdc_device.c.o
                0x10005100                cdcd_deinit
 .text.cdcd_reset
                0x10005130       0x4c CMakeFiles/pico2_blinky.dir/home/lucanotreally/progetti/elettronica/rpi_pico/pico-sdk/lib/tinyusb/src/class/cdc/cdc_device.c.o
                0x10005130                cdcd_reset
 .text.cdcd_open
                0x1000517c       0xc0 CMakeFiles/pico2_blinky.dir/home/lucanotreally/progetti/elettronica/rpi_pico/pico-sdk/lib/tinyusb/src/class/cdc/cdc_device.c.o
                0x1000517c                cdcd_open
 .text.cdcd_control_xfer_cb
                0x1000523c       0xc0 CMakeFiles/pico2_blinky.dir/home/lucanotreally/progetti/elettronica/rpi_pico/pico-sdk/lib/tinyusb/src/class/cdc/cdc_device.c.o
                0x1000523c                cdcd_control_xfer_cb
 .text.cdcd_xfer_cb
                0x100052fc       0xf8 CMakeFiles/pico2_blinky.dir/home/lucanotreally/progetti/elettronica/rpi_pico/pico-sdk/lib/tinyusb/src/class/cdc/cdc_device.c.o
                0x100052fc                cdcd_xfer_cb
 .text.vendord_init
                0x100053f4       0x5c CMakeFiles/pico2_blinky.dir/home/lucanotreally/progetti/elettronica/rpi_pico/pico-sdk/lib/tinyusb/src/class/vendor/vendor_device.c.o
                0x100053f4                vendord_init
 .text.vendord_deinit
                0x10005450       0x1c CMakeFiles/pico2_blinky.dir/home/lucanotreally/progetti/elettronica/rpi_pico/pico-sdk/lib/tinyusb/src/class/vendor/vendor_device.c.o
                0x10005450                vendord_deinit
 .text.vendord_reset
                0x1000546c       0x24 CMakeFiles/pico2_blinky.dir/home/lucanotreally/progetti/elettronica/rpi_pico/pico-sdk/lib/tinyusb/src/class/vendor/vendor_device.c.o
                0x1000546c                vendord_reset
 .text.vendord_open
                0x10005490       0xf4 CMakeFiles/pico2_blinky.dir/home/lucanotreally/progetti/elettronica/rpi_pico/pico-sdk/lib/tinyusb/src/class/vendor/vendor_device.c.o
                0x10005490                vendord_open
 .text.vendord_xfer_cb
                0x10005584       0x88 CMakeFiles/pico2_blinky.dir/home/lucanotreally/progetti/elettronica/rpi_pico/pico-sdk/lib/tinyusb/src/class/vendor/vendor_device.c.o
                0x10005584                vendord_xfer_cb
 .text.tusb_rhport_init
                0x1000560c       0x64 CMakeFiles/pico2_blinky.dir/home/lucanotreally/progetti/elettronica/rpi_pico/pico-sdk/lib/tinyusb/src/tusb.c.o
                0x1000560c                tusb_rhport_init
 .text.tu_edpt_claim
                0x10005670       0x54 CMakeFiles/pico2_blinky.dir/home/lucanotreally/progetti/elettronica/rpi_pico/pico-sdk/lib/tinyusb/src/tusb.c.o
                0x10005670                tu_edpt_claim
 .text.tu_edpt_release
                0x100056c4       0x38 CMakeFiles/pico2_blinky.dir/home/lucanotreally/progetti/elettronica/rpi_pico/pico-sdk/lib/tinyusb/src/tusb.c.o
                0x100056c4                tu_edpt_release
 .text.tu_edpt_validate
                0x100056fc       0x60 CMakeFiles/pico2_blinky.dir/home/lucanotreally/progetti/elettronica/rpi_pico/pico-sdk/lib/tinyusb/src/tusb.c.o
                0x100056fc                tu_edpt_validate
 .text.tu_edpt_bind_driver
                0x1000575c       0x58 CMakeFiles/pico2_blinky.dir/home/lucanotreally/progetti/elettronica/rpi_pico/pico-sdk/lib/tinyusb/src/tusb.c.o
                0x1000575c                tu_edpt_bind_driver
 .text.tu_edpt_stream_init
                0x100057b4       0x58 CMakeFiles/pico2_blinky.dir/home/lucanotreally/progetti/elettronica/rpi_pico/pico-sdk/lib/tinyusb/src/tusb.c.o
                0x100057b4                tu_edpt_stream_init
 .text.tu_edpt_stream_deinit
                0x1000580c        0x4 CMakeFiles/pico2_blinky.dir/home/lucanotreally/progetti/elettronica/rpi_pico/pico-sdk/lib/tinyusb/src/tusb.c.o
                0x1000580c                tu_edpt_stream_deinit
 .text.tu_edpt_stream_write_zlp_if_needed
                0x10005810       0x68 CMakeFiles/pico2_blinky.dir/home/lucanotreally/progetti/elettronica/rpi_pico/pico-sdk/lib/tinyusb/src/tusb.c.o
                0x10005810                tu_edpt_stream_write_zlp_if_needed
 .text.tu_edpt_stream_write_xfer
                0x10005878       0x70 CMakeFiles/pico2_blinky.dir/home/lucanotreally/progetti/elettronica/rpi_pico/pico-sdk/lib/tinyusb/src/tusb.c.o
                0x10005878                tu_edpt_stream_write_xfer
 .text.tu_edpt_stream_read_xfer
                0x100058e8       0xc8 CMakeFiles/pico2_blinky.dir/home/lucanotreally/progetti/elettronica/rpi_pico/pico-sdk/lib/tinyusb/src/tusb.c.o
                0x100058e8                tu_edpt_stream_read_xfer
 .text.tu_fifo_config
                0x100059b0       0x60 CMakeFiles/pico2_blinky.dir/home/lucanotreally/progetti/elettronica/rpi_pico/pico-sdk/lib/tinyusb/src/common/tusb_fifo.c.o
                0x100059b0                tu_fifo_config
 .text.tu_fifo_count
                0x10005a10       0x20 CMakeFiles/pico2_blinky.dir/home/lucanotreally/progetti/elettronica/rpi_pico/pico-sdk/lib/tinyusb/src/common/tusb_fifo.c.o
                0x10005a10                tu_fifo_count
 .text.tu_fifo_empty
                0x10005a30       0x14 CMakeFiles/pico2_blinky.dir/home/lucanotreally/progetti/elettronica/rpi_pico/pico-sdk/lib/tinyusb/src/common/tusb_fifo.c.o
                0x10005a30                tu_fifo_empty
 .text.tu_fifo_remaining
                0x10005a44       0x24 CMakeFiles/pico2_blinky.dir/home/lucanotreally/progetti/elettronica/rpi_pico/pico-sdk/lib/tinyusb/src/common/tusb_fifo.c.o
                0x10005a44                tu_fifo_remaining
 .text.tu_fifo_read
                0x10005a68       0x94 CMakeFiles/pico2_blinky.dir/home/lucanotreally/progetti/elettronica/rpi_pico/pico-sdk/lib/tinyusb/src/common/tusb_fifo.c.o
                0x10005a68                tu_fifo_read
 .text.tu_fifo_read_n
                0x10005afc       0xd8 CMakeFiles/pico2_blinky.dir/home/lucanotreally/progetti/elettronica/rpi_pico/pico-sdk/lib/tinyusb/src/common/tusb_fifo.c.o
                0x10005afc                tu_fifo_read_n
 .text.tu_fifo_write
                0x10005bd4       0xa4 CMakeFiles/pico2_blinky.dir/home/lucanotreally/progetti/elettronica/rpi_pico/pico-sdk/lib/tinyusb/src/common/tusb_fifo.c.o
                0x10005bd4                tu_fifo_write
 .text.tu_fifo_write_n
                0x10005c78      0x15c CMakeFiles/pico2_blinky.dir/home/lucanotreally/progetti/elettronica/rpi_pico/pico-sdk/lib/tinyusb/src/common/tusb_fifo.c.o
                0x10005c78                tu_fifo_write_n
 .text.tu_fifo_clear
                0x10005dd4       0x38 CMakeFiles/pico2_blinky.dir/home/lucanotreally/progetti/elettronica/rpi_pico/pico-sdk/lib/tinyusb/src/common/tusb_fifo.c.o
                0x10005dd4                tu_fifo_clear
 .text.tu_fifo_set_overwritable
                0x10005e0c       0x3c CMakeFiles/pico2_blinky.dir/home/lucanotreally/progetti/elettronica/rpi_pico/pico-sdk/lib/tinyusb/src/common/tusb_fifo.c.o
                0x10005e0c                tu_fifo_set_overwritable
 .text.pio_add_program
                0x10005e48       0xf4 CMakeFiles/pico2_blinky.dir/home/lucanotreally/progetti/elettronica/rpi_pico/pico-sdk/src/rp2_common/hardware_pio/pio.c.o
                0x10005e48                pio_add_program
 .text.pio_sm_set_consecutive_pindirs
                0x10005f3c       0x8c CMakeFiles/pico2_blinky.dir/home/lucanotreally/progetti/elettronica/rpi_pico/pico-sdk/src/rp2_common/hardware_pio/pio.c.o
                0x10005f3c                pio_sm_set_consecutive_pindirs
 .text.pio_sm_init
                0x10005fc8       0xa8 CMakeFiles/pico2_blinky.dir/home/lucanotreally/progetti/elettronica/rpi_pico/pico-sdk/src/rp2_common/hardware_pio/pio.c.o
                0x10005fc8                pio_sm_init
 .text.atexit   0x10006070        0xc /usr/lib/gcc/arm-none-eabi/14.2.0/../../../../arm-none-eabi/lib/thumb/v8-m.main+fp/softfp/libg.a(libc_a-atexit.o)
                0x10006070                atexit
 .text.memset   0x1000607c       0x9c /usr/lib/gcc/arm-none-eabi/14.2.0/../../../../arm-none-eabi/lib/thumb/v8-m.main+fp/softfp/libg.a(libc_a-memset.o)
                0x1000607c                memset
 .text.__libc_fini_array
                0x10006118       0x28 /usr/lib/gcc/arm-none-eabi/14.2.0/../../../../arm-none-eabi/lib/thumb/v8-m.main+fp/softfp/libg.a(libc_a-fini.o)
                0x10006118                __libc_fini_array
 .text.__retarget_lock_acquire_recursive
                0x10006140        0x4 /usr/lib/gcc/arm-none-eabi/14.2.0/../../../../arm-none-eabi/lib/thumb/v8-m.main+fp/softfp/libg.a(libc_a-lock.o)
                0x10006140                __retarget_lock_acquire_recursive
 .text.__retarget_lock_release_recursive
                0x10006144        0x4 /usr/lib/gcc/arm-none-eabi/14.2.0/../../../../arm-none-eabi/lib/thumb/v8-m.main+fp/softfp/libg.a(libc_a-lock.o)
                0x10006144                __retarget_lock_release_recursive
 .text          0x10006148       0xec /usr/lib/gcc/arm-none-eabi/14.2.0/../../../../arm-none-eabi/lib/thumb/v8-m.main+fp/softfp/libg.a(libc_a-memcpy.o)
                0x10006148                memcpy
 .text.strlen   0x10006234       0x5c /usr/lib/gcc/arm-none-eabi/14.2.0/../../../../arm-none-eabi/lib/thumb/v8-m.main+fp/softfp/libg.a(libc_a-strlen-stub.o)
                0x10006234                strlen
 .text.__register_exitproc
                0x10006290       0x84 /usr/lib/gcc/arm-none-eabi/14.2.0/../../../../arm-none-eabi/lib/thumb/v8-m.main+fp/softfp/libg.a(libc_a-__atexit.o)
                0x10006290                __register_exitproc
 .text.startup.register_fini
                0x10006314       0x14 /usr/lib/gcc/arm-none-eabi/14.2.0/../../../../arm-none-eabi/lib/thumb/v8-m.main+fp/softfp/libg.a(libc_a-__call_atexit.o)
 *(.fini)
 .fini          0x10006328        0x4 /usr/lib/gcc/arm-none-eabi/14.2.0/thumb/v8-m.main+fp/softfp/crti.o
                0x10006328                _fini
 *fill*         0x1000632c        0x4 
 .fini.__stub   0x10006330       0x58 linker stubs
 *crtbegin.o(.ctors)
 *crtbegin?.o(.ctors)
 *(EXCLUDE_FILE(*crtend.o *crtend?.o) .ctors)
 *(SORT_BY_NAME(.ctors.*))
 *(.ctors)
 *crtbegin.o(.dtors)
 *crtbegin?.o(.dtors)
 *(EXCLUDE_FILE(*crtend.o *crtend?.o) .dtors)
 *(SORT_BY_NAME(.dtors.*))
 *(.dtors)
                0x10006388                        . = ALIGN (0x4)
                0x10006388                        PROVIDE (__preinit_array_start = .)
 *(SORT_BY_NAME(.preinit_array.*))
 .preinit_array.00050
                0x10006388        0x4 CMakeFiles/pico2_blinky.dir/home/lucanotreally/progetti/elettronica/rpi_pico/pico-sdk/src/rp2_common/pico_runtime_init/runtime_init.c.o
                0x10006388                __pre_init_runtime_init_bootrom_reset
 .preinit_array.00100
                0x1000638c        0x4 CMakeFiles/pico2_blinky.dir/home/lucanotreally/progetti/elettronica/rpi_pico/pico-sdk/src/rp2_common/pico_runtime_init/runtime_init.c.o
                0x1000638c                __pre_init_runtime_init_early_resets
 .preinit_array.00101
                0x10006390        0x4 CMakeFiles/pico2_blinky.dir/home/lucanotreally/progetti/elettronica/rpi_pico/pico-sdk/src/rp2_common/pico_runtime_init/runtime_init.c.o
                0x10006390                __pre_init_runtime_init_usb_power_down
 .preinit_array.00500
                0x10006394        0x4 CMakeFiles/pico2_blinky.dir/home/lucanotreally/progetti/elettronica/rpi_pico/pico-sdk/src/rp2_common/pico_runtime_init/runtime_init.c.o
                0x10006394                __pre_init_runtime_init_clocks
 .preinit_array.00600
                0x10006398        0x4 CMakeFiles/pico2_blinky.dir/home/lucanotreally/progetti/elettronica/rpi_pico/pico-sdk/src/rp2_common/pico_runtime_init/runtime_init.c.o
                0x10006398                __pre_init_runtime_init_post_clock_resets
 .preinit_array.01000
                0x1000639c        0x4 CMakeFiles/pico2_blinky.dir/home/lucanotreally/progetti/elettronica/rpi_pico/pico-sdk/src/rp2_common/hardware_boot_lock/boot_lock.c.o
                0x1000639c                __pre_init_runtime_init_boot_locks_reset
 .preinit_array.01000
                0x100063a0        0x4 CMakeFiles/pico2_blinky.dir/home/lucanotreally/progetti/elettronica/rpi_pico/pico-sdk/src/rp2_common/pico_runtime_init/runtime_init.c.o
                0x100063a0                __pre_init_runtime_init_spin_locks_reset
 .preinit_array.01010
                0x100063a4        0x4 CMakeFiles/pico2_blinky.dir/home/lucanotreally/progetti/elettronica/rpi_pico/pico-sdk/src/rp2_common/pico_bootrom/bootrom_lock.c.o
                0x100063a4                __pre_init_runtime_init_bootrom_locking_enable
 .preinit_array.01100
                0x100063a8        0x4 CMakeFiles/pico2_blinky.dir/home/lucanotreally/progetti/elettronica/rpi_pico/pico-sdk/src/common/pico_sync/mutex.c.o
                0x100063a8                __pre_init_runtime_init_mutex
 .preinit_array.10080
                0x100063ac        0x4 CMakeFiles/pico2_blinky.dir/home/lucanotreally/progetti/elettronica/rpi_pico/pico-sdk/src/rp2_common/pico_runtime_init/runtime_init.c.o
                0x100063ac                __pre_init_runtime_init_install_ram_vector_table
 .preinit_array.11000
                0x100063b0        0x4 CMakeFiles/pico2_blinky.dir/home/lucanotreally/progetti/elettronica/rpi_pico/pico-sdk/src/common/pico_time/time.c.o
                0x100063b0                __pre_init_runtime_init_default_alarm_pool
 .preinit_array.YYYYY
                0x100063b4        0x4 CMakeFiles/pico2_blinky.dir/home/lucanotreally/progetti/elettronica/rpi_pico/pico-sdk/src/rp2_common/pico_runtime/runtime.c.o
                0x100063b4                __pre_init_first_per_core_initializer
 .preinit_array.ZZZZZ.00051
                0x100063b8        0x4 CMakeFiles/pico2_blinky.dir/home/lucanotreally/progetti/elettronica/rpi_pico/pico-sdk/src/rp2_common/pico_runtime_init/runtime_init.c.o
                0x100063b8                __pre_init_runtime_init_per_core_bootrom_reset
 .preinit_array.ZZZZZ.00200
                0x100063bc        0x4 CMakeFiles/pico2_blinky.dir/home/lucanotreally/progetti/elettronica/rpi_pico/pico-sdk/src/rp2_common/pico_runtime_init/runtime_init.c.o
                0x100063bc                __pre_init_runtime_init_per_core_enable_coprocessors
 .preinit_array.ZZZZZ.01000
                0x100063c0        0x4 CMakeFiles/pico2_blinky.dir/home/lucanotreally/progetti/elettronica/rpi_pico/pico-sdk/src/rp2_common/hardware_sync_spin_lock/sync_spin_lock.c.o
                0x100063c0                __pre_init_spinlock_set_extexclall
 .preinit_array.ZZZZZ.01200
                0x100063c4        0x4 CMakeFiles/pico2_blinky.dir/home/lucanotreally/progetti/elettronica/rpi_pico/pico-sdk/src/rp2_common/hardware_irq/irq.c.o
                0x100063c4                __pre_init_runtime_init_per_core_irq_priorities
 *(.preinit_array)
                0x100063c8                        PROVIDE (__preinit_array_end = .)
                0x100063c8                        . = ALIGN (0x4)
                0x100063c8                        PROVIDE (__init_array_start = .)
 *(SORT_BY_NAME(.init_array.*))
 .init_array.00000
                0x100063c8        0x4 /usr/lib/gcc/arm-none-eabi/14.2.0/../../../../arm-none-eabi/lib/thumb/v8-m.main+fp/softfp/libg.a(libc_a-__call_atexit.o)
 *(.init_array)
 .init_array    0x100063cc        0x4 /usr/lib/gcc/arm-none-eabi/14.2.0/thumb/v8-m.main+fp/softfp/crtbegin.o
 .init_array    0x100063d0        0x4 CMakeFiles/pico2_blinky.dir/home/lucanotreally/progetti/elettronica/rpi_pico/pico-sdk/src/rp2_common/pico_unique_id/unique_id.c.o
                0x100063d4                        PROVIDE (__init_array_end = .)
                0x100063d4                        . = ALIGN (0x4)
                0x100063d4                        PROVIDE (__fini_array_start = .)
 *(SORT_BY_NAME(.fini_array.*))
 *(.fini_array)
                0x100063d4                        PROVIDE (__fini_array_end = .)
 *(.eh_frame*)
 .eh_frame      0x100063d4        0x0 /usr/lib/gcc/arm-none-eabi/14.2.0/thumb/v8-m.main+fp/softfp/crtbegin.o
                0x100063d4                        . = ALIGN (0x4)

.glue_7         0x100063d4        0x0
 .glue_7        0x100063d4        0x0 linker stubs

.glue_7t        0x100063d4        0x0
 .glue_7t       0x100063d4        0x0 linker stubs

.vfp11_veneer   0x100063d4        0x0
 .vfp11_veneer  0x100063d4        0x0 linker stubs

.v4_bx          0x100063d4        0x0
 .v4_bx         0x100063d4        0x0 linker stubs

.iplt           0x100063d4        0x0
 .iplt          0x100063d4        0x0 /usr/lib/gcc/arm-none-eabi/14.2.0/thumb/v8-m.main+fp/softfp/crtbegin.o

.boot2          0x100063d4        0x0
                0x100063d4                        __boot2_start__ = .
 *(.boot2)
                0x100063d4                        __boot2_end__ = .
                0x00000001                        ASSERT (((__boot2_end__ - __boot2_start__) <= 0x100), ERROR: Pico second stage bootloader must be no more than 256 bytes in size)

.rodata         0x100063d8      0x43c
 *(EXCLUDE_FILE(*libm.a: *libc.a:*lib_a-mem*.o *libgcc.a:) .rodata*)
 .rodata.main.str1.4
                0x100063d8      0x1b8 CMakeFiles/pico2_blinky.dir/main.c.o
                                 0x42 (size before relaxing)
 .rodata.blink_program
                0x10006590        0x8 CMakeFiles/pico2_blinky.dir/main.c.o
 .rodata.blink_program_instructions
                0x10006598       0x10 CMakeFiles/pico2_blinky.dir/main.c.o
 .rodata.__bi_24.0
                0x100065a8        0x8 CMakeFiles/pico2_blinky.dir/home/lucanotreally/progetti/elettronica/rpi_pico/pico-sdk/src/rp2_common/pico_stdlib/stdlib.c.o
 .rodata.panic.str1.4
                0x100065b0       0x12 CMakeFiles/pico2_blinky.dir/home/lucanotreally/progetti/elettronica/rpi_pico/pico-sdk/src/rp2_common/pico_platform_panic/panic.c.o
 .rodata.spin_lock_claim_unused.str1.4
                0x100065b0       0x1b CMakeFiles/pico2_blinky.dir/home/lucanotreally/progetti/elettronica/rpi_pico/pico-sdk/src/rp2_common/hardware_sync/sync.c.o
 .rodata.user_irq_claim_unused.str1.4
                0x100065b0       0x1b CMakeFiles/pico2_blinky.dir/home/lucanotreally/progetti/elettronica/rpi_pico/pico-sdk/src/rp2_common/hardware_irq/irq.c.o
 .rodata.timer_hardware_alarm_claim.str1.4
                0x100065b0       0x22 CMakeFiles/pico2_blinky.dir/home/lucanotreally/progetti/elettronica/rpi_pico/pico-sdk/src/rp2_common/hardware_timer/timer.c.o
 .rodata.hard_assertion_failure.str1.4
                0x100065b0        0xc CMakeFiles/pico2_blinky.dir/home/lucanotreally/progetti/elettronica/rpi_pico/pico-sdk/src/rp2_common/pico_runtime/runtime.c.o
 .rodata.str1.4
                0x100065b0       0x44 CMakeFiles/pico2_blinky.dir/home/lucanotreally/progetti/elettronica/rpi_pico/pico-sdk/src/rp2_common/pico_standard_binary_info/standard_binary_info.c.o
 .rodata.__bi_84
                0x100065b0        0xc CMakeFiles/pico2_blinky.dir/home/lucanotreally/progetti/elettronica/rpi_pico/pico-sdk/src/rp2_common/pico_standard_binary_info/standard_binary_info.c.o
 .rodata.__bi_78
                0x100065bc        0xc CMakeFiles/pico2_blinky.dir/home/lucanotreally/progetti/elettronica/rpi_pico/pico-sdk/src/rp2_common/pico_standard_binary_info/standard_binary_info.c.o
 .rodata.__bi_54
                0x100065c8        0xc CMakeFiles/pico2_blinky.dir/home/lucanotreally/progetti/elettronica/rpi_pico/pico-sdk/src/rp2_common/pico_standard_binary_info/standard_binary_info.c.o
 .rodata.__bi_48
                0x100065d4        0xc CMakeFiles/pico2_blinky.dir/home/lucanotreally/progetti/elettronica/rpi_pico/pico-sdk/src/rp2_common/pico_standard_binary_info/standard_binary_info.c.o
 .rodata.__bi_42
                0x100065e0        0xc CMakeFiles/pico2_blinky.dir/home/lucanotreally/progetti/elettronica/rpi_pico/pico-sdk/src/rp2_common/pico_standard_binary_info/standard_binary_info.c.o
 .rodata.__bi_34
                0x100065ec        0xc CMakeFiles/pico2_blinky.dir/home/lucanotreally/progetti/elettronica/rpi_pico/pico-sdk/src/rp2_common/pico_standard_binary_info/standard_binary_info.c.o
 .rodata.__bi_26
                0x100065f8        0xc CMakeFiles/pico2_blinky.dir/home/lucanotreally/progetti/elettronica/rpi_pico/pico-sdk/src/rp2_common/pico_standard_binary_info/standard_binary_info.c.o
 .rodata._ftoa.str1.4
                0x10006604       0x15 CMakeFiles/pico2_blinky.dir/home/lucanotreally/progetti/elettronica/rpi_pico/pico-sdk/src/rp2_common/pico_printf/printf.c.o
 *fill*         0x10006604        0x4 
 .rodata.pow10.0
                0x10006608       0x50 CMakeFiles/pico2_blinky.dir/home/lucanotreally/progetti/elettronica/rpi_pico/pico-sdk/src/rp2_common/pico_printf/printf.c.o
 .rodata.crlf_str.0
                0x10006658        0x2 CMakeFiles/pico2_blinky.dir/home/lucanotreally/progetti/elettronica/rpi_pico/pico-sdk/src/rp2_common/pico_stdio/stdio.c.o
 *fill*         0x1000665a        0x2 
 .rodata._resetd_driver
                0x1000665c       0x20 CMakeFiles/pico2_blinky.dir/home/lucanotreally/progetti/elettronica/rpi_pico/pico-sdk/src/rp2_common/pico_stdio_usb/reset_interface.c.o
 .rodata.desc_ms_os_20
                0x1000667c       0xa6 CMakeFiles/pico2_blinky.dir/home/lucanotreally/progetti/elettronica/rpi_pico/pico-sdk/src/rp2_common/pico_stdio_usb/reset_interface.c.o
 *fill*         0x10006722        0x2 
 .rodata.desc_bos
                0x10006724       0x21 CMakeFiles/pico2_blinky.dir/home/lucanotreally/progetti/elettronica/rpi_pico/pico-sdk/src/rp2_common/pico_stdio_usb/reset_interface.c.o
                0x10006724                desc_bos
 .rodata.str1.4
                0x10006745       0x13 CMakeFiles/pico2_blinky.dir/home/lucanotreally/progetti/elettronica/rpi_pico/pico-sdk/src/rp2_common/pico_stdio_usb/stdio_usb.c.o
 *fill*         0x10006745        0x3 
 .rodata.__bi_197.0
                0x10006748        0xc CMakeFiles/pico2_blinky.dir/home/lucanotreally/progetti/elettronica/rpi_pico/pico-sdk/src/rp2_common/pico_stdio_usb/stdio_usb.c.o
 .rodata.str1.4
                0x10006754       0x2a CMakeFiles/pico2_blinky.dir/home/lucanotreally/progetti/elettronica/rpi_pico/pico-sdk/src/rp2_common/pico_stdio_usb/stdio_usb_descriptors.c.o
 .rodata.usbd_desc_str
                0x10006754       0x18 CMakeFiles/pico2_blinky.dir/home/lucanotreally/progetti/elettronica/rpi_pico/pico-sdk/src/rp2_common/pico_stdio_usb/stdio_usb_descriptors.c.o
 .rodata.usbd_desc_cfg
                0x1000676c       0x54 CMakeFiles/pico2_blinky.dir/home/lucanotreally/progetti/elettronica/rpi_pico/pico-sdk/src/rp2_common/pico_stdio_usb/stdio_usb_descriptors.c.o
 .rodata.usbd_desc_device
                0x100067c0       0x12 CMakeFiles/pico2_blinky.dir/home/lucanotreally/progetti/elettronica/rpi_pico/pico-sdk/src/rp2_common/pico_stdio_usb/stdio_usb_descriptors.c.o
 .rodata.str1.4
                0x100067d2       0x14 CMakeFiles/pico2_blinky.dir/home/lucanotreally/progetti/elettronica/rpi_pico/pico-sdk/lib/tinyusb/src/portable/raspberrypi/rp2040/dcd_rp2040.c.o
 .rodata.str1.4
                0x100067d2       0x48 CMakeFiles/pico2_blinky.dir/home/lucanotreally/progetti/elettronica/rpi_pico/pico-sdk/lib/tinyusb/src/portable/raspberrypi/rp2040/rp2040_usb.c.o
 *fill*         0x100067d2        0x2 
 .rodata._usbd_driver
                0x100067d4       0x40 CMakeFiles/pico2_blinky.dir/home/lucanotreally/progetti/elettronica/rpi_pico/pico-sdk/lib/tinyusb/src/device/usbd.c.o
 *(.srodata*)
                0x10006814                        . = ALIGN (0x4)
 *(SORT_BY_ALIGNMENT(SORT_BY_NAME(.flashdata*)))
                0x10006814                        . = ALIGN (0x4)

.ARM.extab
 *(.ARM.extab* .gnu.linkonce.armextab.*)
                0x10006814                        __exidx_start = .

.ARM.exidx      0x10006814        0x8
 *(.ARM.exidx* .gnu.linkonce.armexidx.*)
 .ARM.exidx     0x10006814        0x8 /usr/lib/gcc/arm-none-eabi/14.2.0/../../../../arm-none-eabi/lib/thumb/v8-m.main+fp/softfp/libg.a(libc_a-memcpy.o)
 .ARM.exidx.text.__udivmoddi4
                0x1000681c        0x0 /usr/lib/gcc/arm-none-eabi/14.2.0/thumb/v8-m.main+fp/softfp/libgcc.a(_udivmoddi4.o)
                                  0x8 (size before relaxing)
                0x1000681c                        __exidx_end = .
                0x1000681c                        . = ALIGN (0x4)
                0x1000681c                        __binary_info_start = .

.binary_info    0x1000681c       0x24
 *(.binary_info.keep.*)
 .binary_info.keep.__bi_ptr84
                0x1000681c        0x4 CMakeFiles/pico2_blinky.dir/home/lucanotreally/progetti/elettronica/rpi_pico/pico-sdk/src/rp2_common/pico_standard_binary_info/standard_binary_info.c.o
 .binary_info.keep.__bi_ptr78
                0x10006820        0x4 CMakeFiles/pico2_blinky.dir/home/lucanotreally/progetti/elettronica/rpi_pico/pico-sdk/src/rp2_common/pico_standard_binary_info/standard_binary_info.c.o
 .binary_info.keep.__bi_ptr54
                0x10006824        0x4 CMakeFiles/pico2_blinky.dir/home/lucanotreally/progetti/elettronica/rpi_pico/pico-sdk/src/rp2_common/pico_standard_binary_info/standard_binary_info.c.o
 .binary_info.keep.__bi_ptr48
                0x10006828        0x4 CMakeFiles/pico2_blinky.dir/home/lucanotreally/progetti/elettronica/rpi_pico/pico-sdk/src/rp2_common/pico_standard_binary_info/standard_binary_info.c.o
 .binary_info.keep.__bi_ptr42
                0x1000682c        0x4 CMakeFiles/pico2_blinky.dir/home/lucanotreally/progetti/elettronica/rpi_pico/pico-sdk/src/rp2_common/pico_standard_binary_info/standard_binary_info.c.o
 .binary_info.keep.__bi_ptr34
                0x10006830        0x4 CMakeFiles/pico2_blinky.dir/home/lucanotreally/progetti/elettronica/rpi_pico/pico-sdk/src/rp2_common/pico_standard_binary_info/standard_binary_info.c.o
 .binary_info.keep.__bi_ptr26
                0x10006834        0x4 CMakeFiles/pico2_blinky.dir/home/lucanotreally/progetti/elettronica/rpi_pico/pico-sdk/src/rp2_common/pico_standard_binary_info/standard_binary_info.c.o
 *(.binary_info.*)
 .binary_info.__bi_ptr24
                0x10006838        0x4 CMakeFiles/pico2_blinky.dir/home/lucanotreally/progetti/elettronica/rpi_pico/pico-sdk/src/rp2_common/pico_stdlib/stdlib.c.o
 .binary_info.__bi_ptr197
                0x1000683c        0x4 CMakeFiles/pico2_blinky.dir/home/lucanotreally/progetti/elettronica/rpi_pico/pico-sdk/src/rp2_common/pico_stdio_usb/stdio_usb.c.o
                0x10006840                        __binary_info_end = .
                0x10006840                        . = ALIGN (0x4)

.ram_vector_table
                0x20000000      0x110
 *(.ram_vector_table)
 .ram_vector_table
                0x20000000      0x110 CMakeFiles/pico2_blinky.dir/home/lucanotreally/progetti/elettronica/rpi_pico/pico-sdk/src/rp2_common/pico_runtime_init/runtime_init.c.o
                0x20000000                ram_vector_table

.uninitialized_data
                0x20000110        0x0
                0x20000110                        . = ALIGN (0x4)
 *(.uninitialized_data*)

.data           0x20000110     0x1404 load address 0x10006840
                0x20000110                        __data_start__ = .
 *(vtable)
 *(.time_critical*)
 .time_critical.mutex_try_enter
                0x20000110       0x50 CMakeFiles/pico2_blinky.dir/home/lucanotreally/progetti/elettronica/rpi_pico/pico-sdk/src/common/pico_sync/mutex.c.o
                0x20000110                mutex_try_enter
 .time_critical.mutex_enter_block_until
                0x20000160       0x6c CMakeFiles/pico2_blinky.dir/home/lucanotreally/progetti/elettronica/rpi_pico/pico-sdk/src/common/pico_sync/mutex.c.o
                0x20000160                mutex_enter_block_until
 .time_critical.mutex_try_enter_block_until
                0x200001cc       0x68 CMakeFiles/pico2_blinky.dir/home/lucanotreally/progetti/elettronica/rpi_pico/pico-sdk/src/common/pico_sync/mutex.c.o
                0x200001cc                mutex_try_enter_block_until
 .time_critical.mutex_enter_timeout_ms
                0x20000234       0x38 CMakeFiles/pico2_blinky.dir/home/lucanotreally/progetti/elettronica/rpi_pico/pico-sdk/src/common/pico_sync/mutex.c.o
                0x20000234                mutex_enter_timeout_ms
 .time_critical.mutex_exit
                0x2000026c       0x3c CMakeFiles/pico2_blinky.dir/home/lucanotreally/progetti/elettronica/rpi_pico/pico-sdk/src/common/pico_sync/mutex.c.o
                0x2000026c                mutex_exit
 .time_critical.reset_non_control_endpoints
                0x200002a8       0x64 CMakeFiles/pico2_blinky.dir/home/lucanotreally/progetti/elettronica/rpi_pico/pico-sdk/lib/tinyusb/src/portable/raspberrypi/rp2040/dcd_rp2040.c.o
 .time_critical.hw_handle_buff_status
                0x2000030c       0x90 CMakeFiles/pico2_blinky.dir/home/lucanotreally/progetti/elettronica/rpi_pico/pico-sdk/lib/tinyusb/src/portable/raspberrypi/rp2040/dcd_rp2040.c.o
 .time_critical.dcd_rp2040_irq
                0x2000039c      0x530 CMakeFiles/pico2_blinky.dir/home/lucanotreally/progetti/elettronica/rpi_pico/pico-sdk/lib/tinyusb/src/portable/raspberrypi/rp2040/dcd_rp2040.c.o
 .time_critical.prepare_ep_buffer
                0x200008cc       0xc0 CMakeFiles/pico2_blinky.dir/home/lucanotreally/progetti/elettronica/rpi_pico/pico-sdk/lib/tinyusb/src/portable/raspberrypi/rp2040/rp2040_usb.c.o
 .time_critical.sync_ep_buffer
                0x2000098c       0xb4 CMakeFiles/pico2_blinky.dir/home/lucanotreally/progetti/elettronica/rpi_pico/pico-sdk/lib/tinyusb/src/portable/raspberrypi/rp2040/rp2040_usb.c.o
 .time_critical._hw_endpoint_xfer_sync
                0x20000a40       0x2c CMakeFiles/pico2_blinky.dir/home/lucanotreally/progetti/elettronica/rpi_pico/pico-sdk/lib/tinyusb/src/portable/raspberrypi/rp2040/rp2040_usb.c.o
 .time_critical.e15_is_bulkin_ep
                0x20000a6c       0x28 CMakeFiles/pico2_blinky.dir/home/lucanotreally/progetti/elettronica/rpi_pico/pico-sdk/lib/tinyusb/src/portable/raspberrypi/rp2040/rp2040_usb.c.o
 .time_critical.e15_is_critical_frame_period
                0x20000a94       0x28 CMakeFiles/pico2_blinky.dir/home/lucanotreally/progetti/elettronica/rpi_pico/pico-sdk/lib/tinyusb/src/portable/raspberrypi/rp2040/rp2040_usb.c.o
 .time_critical.hw_endpoint_reset_transfer
                0x20000abc        0xc CMakeFiles/pico2_blinky.dir/home/lucanotreally/progetti/elettronica/rpi_pico/pico-sdk/lib/tinyusb/src/portable/raspberrypi/rp2040/rp2040_usb.c.o
                0x20000abc                hw_endpoint_reset_transfer
 .time_critical._hw_endpoint_buffer_control_update32
                0x20000ac8       0x44 CMakeFiles/pico2_blinky.dir/home/lucanotreally/progetti/elettronica/rpi_pico/pico-sdk/lib/tinyusb/src/portable/raspberrypi/rp2040/rp2040_usb.c.o
                0x20000ac8                _hw_endpoint_buffer_control_update32
 .time_critical.hw_endpoint_start_next_buffer
                0x20000b0c       0x64 CMakeFiles/pico2_blinky.dir/home/lucanotreally/progetti/elettronica/rpi_pico/pico-sdk/lib/tinyusb/src/portable/raspberrypi/rp2040/rp2040_usb.c.o
                0x20000b0c                hw_endpoint_start_next_buffer
 .time_critical.hw_endpoint_xfer_continue
                0x20000b70       0x3c CMakeFiles/pico2_blinky.dir/home/lucanotreally/progetti/elettronica/rpi_pico/pico-sdk/lib/tinyusb/src/portable/raspberrypi/rp2040/rp2040_usb.c.o
                0x20000b70                hw_endpoint_xfer_continue
 .time_critical.tinyusb
                0x20000bac      0x224 CMakeFiles/pico2_blinky.dir/home/lucanotreally/progetti/elettronica/rpi_pico/pico-sdk/lib/tinyusb/src/device/usbd.c.o
                0x20000bac                dcd_event_handler
 *(.text*)
 .text          0x20000dd0      0x378 /usr/lib/gcc/arm-none-eabi/14.2.0/thumb/v8-m.main+fp/softfp/libgcc.a(_arm_addsubdf3.o)
                0x20000dd0                __aeabi_drsub
                0x20000dd8                __aeabi_dsub
                0x20000dd8                __subdf3
                0x20000ddc                __adddf3
                0x20000ddc                __aeabi_dadd
                0x20001054                __aeabi_ui2d
                0x20001054                __floatunsidf
                0x20001074                __floatsidf
                0x20001074                __aeabi_i2d
                0x20001098                __extendsfdf2
                0x20001098                __aeabi_f2d
                0x200010dc                __aeabi_ul2d
                0x200010dc                __floatundidf
                0x200010ec                __floatdidf
                0x200010ec                __aeabi_l2d
 .text          0x20001148       0x30 /usr/lib/gcc/arm-none-eabi/14.2.0/thumb/v8-m.main+fp/softfp/libgcc.a(_aeabi_uldivmod.o)
                0x20001148                __aeabi_uldivmod
 .text.__udivmoddi4
                0x20001178      0x2ba /usr/lib/gcc/arm-none-eabi/14.2.0/thumb/v8-m.main+fp/softfp/libgcc.a(_udivmoddi4.o)
                0x20001178                __udivmoddi4
 *fill*         0x20001432        0x2 
 .text          0x20001434        0x4 /usr/lib/gcc/arm-none-eabi/14.2.0/thumb/v8-m.main+fp/softfp/libgcc.a(_dvmd_tls.o)
                0x20001434                __aeabi_ldiv0
                0x20001434                __aeabi_idiv0
 .text.__stub   0x20001438       0x30 linker stubs
                0x20001468                        . = ALIGN (0x4)
 *(.rodata*)
                0x20001468                        . = ALIGN (0x4)
 *(.data*)
 .data.pio      0x20001468        0x4 CMakeFiles/pico2_blinky.dir/main.c.o
                0x20001468                pio
 .data.striped_spin_lock_num
                0x2000146c        0x1 CMakeFiles/pico2_blinky.dir/home/lucanotreally/progetti/elettronica/rpi_pico/pico-sdk/src/rp2_common/hardware_sync/sync.c.o
 *fill*         0x2000146d        0x3 
 .data          0x20001470       0x48 CMakeFiles/pico2_blinky.dir/home/lucanotreally/progetti/elettronica/rpi_pico/pico-sdk/src/rp2_common/hardware_irq/irq_handler_chain.S.o
                0x20001470                irq_handler_chain_slots
                0x200014a0                irq_handler_chain_first_slot
                0x200014aa                irq_handler_chain_remove_tail
 .data.default_alarm_pool
                0x200014b8       0x18 CMakeFiles/pico2_blinky.dir/home/lucanotreally/progetti/elettronica/rpi_pico/pico-sdk/src/common/pico_time/time.c.o
 .data.stdio_usb
                0x200014d0       0x18 CMakeFiles/pico2_blinky.dir/home/lucanotreally/progetti/elettronica/rpi_pico/pico-sdk/src/rp2_common/pico_stdio_usb/stdio_usb.c.o
                0x200014d0                stdio_usb
 .data._usbd_qdef
                0x200014e8       0x1c CMakeFiles/pico2_blinky.dir/home/lucanotreally/progetti/elettronica/rpi_pico/pico-sdk/lib/tinyusb/src/device/usbd.c.o
                0x200014e8                _usbd_qdef
 .data._usbd_rhport
                0x20001504        0x1 CMakeFiles/pico2_blinky.dir/home/lucanotreally/progetti/elettronica/rpi_pico/pico-sdk/lib/tinyusb/src/device/usbd.c.o
 *fill*         0x20001505        0x3 
 .data.__atexit_recursive_mutex
                0x20001508        0x4 /usr/lib/gcc/arm-none-eabi/14.2.0/../../../../arm-none-eabi/lib/thumb/v8-m.main+fp/softfp/libg.a(libc_a-__call_atexit.o)
                0x20001508                __atexit_recursive_mutex
 *(.sdata*)
                0x2000150c                        . = ALIGN (0x4)
 *(.after_data.*)
                0x2000150c                        . = ALIGN (0x4)
                0x2000150c                        PROVIDE (__mutex_array_start = .)
 *(SORT_BY_NAME(.mutex_array.*))
 *(.mutex_array)
 .mutex_array   0x2000150c        0x8 CMakeFiles/pico2_blinky.dir/home/lucanotreally/progetti/elettronica/rpi_pico/pico-sdk/src/rp2_common/pico_stdio/stdio.c.o
                0x20001514                        PROVIDE (__mutex_array_end = .)
 *(.jcr)
                0x20001514                        . = ALIGN (0x4)

.igot.plt       0x20001514        0x0 load address 0x10007c44
 .igot.plt      0x20001514        0x0 /usr/lib/gcc/arm-none-eabi/14.2.0/thumb/v8-m.main+fp/softfp/crtbegin.o

.tdata          0x20001514        0x0 load address 0x10007c44
                0x20001514                        . = ALIGN (0x4)
 *(.tdata .tdata.* .gnu.linkonce.td.*)
                0x20001514                        __tdata_end = .
                0x20001514                        PROVIDE (__data_end__ = .)
                0x10006840                        __etext = LOADADDR (.data)

.tbss           0x20001514        0x0 load address 0x10007c44
                0x20001514                        . = ALIGN (0x4)
                0x20001514                        __bss_start__ = .
                0x20001514                        __tls_base = .
 *(.tbss .tbss.* .gnu.linkonce.tb.*)
 *(.tcommon)
                0x20001514                        __tls_end = .

.bss            0x20001518      0xdf4 load address 0x10007c44
                0x20001518                        . = ALIGN (0x4)
                0x20001518                        __tbss_end = .
 *(SORT_BY_ALIGNMENT(SORT_BY_NAME(.bss*)))
 .bss.default_alarm_pool_entries
                0x20001518      0x180 CMakeFiles/pico2_blinky.dir/home/lucanotreally/progetti/elettronica/rpi_pico/pico-sdk/src/common/pico_time/time.c.o
 .bss.last_avail_time.1
                0x20001698        0x8 CMakeFiles/pico2_blinky.dir/home/lucanotreally/progetti/elettronica/rpi_pico/pico-sdk/src/rp2_common/pico_stdio_usb/stdio_usb.c.o
 .bss.__atexit  0x200016a0        0x4 /usr/lib/gcc/arm-none-eabi/14.2.0/../../../../arm-none-eabi/lib/thumb/v8-m.main+fp/softfp/libg.a(libc_a-__call_atexit.o)
                0x200016a0                __atexit
 .bss.__atexit0
                0x200016a4      0x190 /usr/lib/gcc/arm-none-eabi/14.2.0/../../../../arm-none-eabi/lib/thumb/v8-m.main+fp/softfp/libg.a(libc_a-__atexit.o)
                0x200016a4                __atexit0
 .bss.__lock___atexit_recursive_mutex
                0x20001834        0x1 /usr/lib/gcc/arm-none-eabi/14.2.0/../../../../arm-none-eabi/lib/thumb/v8-m.main+fp/softfp/libg.a(libc_a-lock.o)
                0x20001834                __lock___atexit_recursive_mutex
 *fill*         0x20001835        0x3 
 .bss._app_driver
                0x20001838        0x4 CMakeFiles/pico2_blinky.dir/home/lucanotreally/progetti/elettronica/rpi_pico/pico-sdk/lib/tinyusb/src/device/usbd.c.o
 .bss._cdcd_epbuf
                0x2000183c       0x80 CMakeFiles/pico2_blinky.dir/home/lucanotreally/progetti/elettronica/rpi_pico/pico-sdk/lib/tinyusb/src/class/cdc/cdc_device.c.o
 .bss._cdcd_fifo_cfg
                0x200018bc        0x1 CMakeFiles/pico2_blinky.dir/home/lucanotreally/progetti/elettronica/rpi_pico/pico-sdk/lib/tinyusb/src/class/cdc/cdc_device.c.o
 *fill*         0x200018bd        0x3 
 .bss._cdcd_itf
                0x200018c0       0xc8 CMakeFiles/pico2_blinky.dir/home/lucanotreally/progetti/elettronica/rpi_pico/pico-sdk/lib/tinyusb/src/class/cdc/cdc_device.c.o
 .bss._ctrl_epbuf
                0x20001988       0x40 CMakeFiles/pico2_blinky.dir/home/lucanotreally/progetti/elettronica/rpi_pico/pico-sdk/lib/tinyusb/src/device/usbd_control.c.o
 .bss._ctrl_xfer
                0x200019c8       0x14 CMakeFiles/pico2_blinky.dir/home/lucanotreally/progetti/elettronica/rpi_pico/pico-sdk/lib/tinyusb/src/device/usbd_control.c.o
 .bss._sw_spin_locks
                0x200019dc       0x20 CMakeFiles/pico2_blinky.dir/home/lucanotreally/progetti/elettronica/rpi_pico/pico-sdk/src/rp2_common/hardware_sync_spin_lock/sync_spin_lock.c.o
                0x200019dc                _sw_spin_locks
 .bss._tusb_rhport_role
                0x200019fc        0x2 CMakeFiles/pico2_blinky.dir/home/lucanotreally/progetti/elettronica/rpi_pico/pico-sdk/lib/tinyusb/src/tusb.c.o
                0x200019fc                _tusb_rhport_role
 *fill*         0x200019fe        0x2 
 .bss._ubsd_mutexdef
                0x20001a00        0x8 CMakeFiles/pico2_blinky.dir/home/lucanotreally/progetti/elettronica/rpi_pico/pico-sdk/lib/tinyusb/src/device/usbd.c.o
 .bss._usbd_dev
                0x20001a08       0x54 CMakeFiles/pico2_blinky.dir/home/lucanotreally/progetti/elettronica/rpi_pico/pico-sdk/lib/tinyusb/src/device/usbd.c.o
 .bss._usbd_mutex
                0x20001a5c        0x4 CMakeFiles/pico2_blinky.dir/home/lucanotreally/progetti/elettronica/rpi_pico/pico-sdk/lib/tinyusb/src/device/usbd.c.o
 .bss._usbd_q   0x20001a60        0x4 CMakeFiles/pico2_blinky.dir/home/lucanotreally/progetti/elettronica/rpi_pico/pico-sdk/lib/tinyusb/src/device/usbd.c.o
 .bss._usbd_qdef_buf
                0x20001a64       0xc0 CMakeFiles/pico2_blinky.dir/home/lucanotreally/progetti/elettronica/rpi_pico/pico-sdk/lib/tinyusb/src/device/usbd.c.o
                0x20001a64                _usbd_qdef_buf
 .bss._used_instruction_space
                0x20001b24        0xc CMakeFiles/pico2_blinky.dir/home/lucanotreally/progetti/elettronica/rpi_pico/pico-sdk/src/rp2_common/hardware_pio/pio.c.o
 .bss._vendord_epbuf
                0x20001b30       0x80 CMakeFiles/pico2_blinky.dir/home/lucanotreally/progetti/elettronica/rpi_pico/pico-sdk/lib/tinyusb/src/class/vendor/vendor_device.c.o
 .bss._vendord_itf
                0x20001bb0      0x24c CMakeFiles/pico2_blinky.dir/home/lucanotreally/progetti/elettronica/rpi_pico/pico-sdk/lib/tinyusb/src/class/vendor/vendor_device.c.o
 .bss.chars_available_callback
                0x20001dfc        0x4 CMakeFiles/pico2_blinky.dir/home/lucanotreally/progetti/elettronica/rpi_pico/pico-sdk/src/rp2_common/pico_stdio_usb/stdio_usb.c.o
 .bss.chars_available_param
                0x20001e00        0x4 CMakeFiles/pico2_blinky.dir/home/lucanotreally/progetti/elettronica/rpi_pico/pico-sdk/src/rp2_common/pico_stdio_usb/stdio_usb.c.o
 .bss.claimed   0x20001e04        0x4 CMakeFiles/pico2_blinky.dir/home/lucanotreally/progetti/elettronica/rpi_pico/pico-sdk/src/rp2_common/hardware_sync/sync.c.o
 .bss.claimed   0x20001e08        0x2 CMakeFiles/pico2_blinky.dir/home/lucanotreally/progetti/elettronica/rpi_pico/pico-sdk/src/rp2_common/hardware_timer/timer.c.o
 *fill*         0x20001e0a        0x2 
 .bss.configured_freq
                0x20001e0c       0x28 CMakeFiles/pico2_blinky.dir/home/lucanotreally/progetti/elettronica/rpi_pico/pico-sdk/src/rp2_common/hardware_clocks/clocks.c.o
 .bss.desc_str.0
                0x20001e34       0x28 CMakeFiles/pico2_blinky.dir/home/lucanotreally/progetti/elettronica/rpi_pico/pico-sdk/src/rp2_common/pico_stdio_usb/stdio_usb_descriptors.c.o
 .bss.drivers   0x20001e5c        0x4 CMakeFiles/pico2_blinky.dir/home/lucanotreally/progetti/elettronica/rpi_pico/pico-sdk/src/rp2_common/pico_stdio/stdio.c.o
 .bss.e15_last_sof
                0x20001e60        0x4 CMakeFiles/pico2_blinky.dir/home/lucanotreally/progetti/elettronica/rpi_pico/pico-sdk/lib/tinyusb/src/portable/raspberrypi/rp2040/rp2040_usb.c.o
                0x20001e60                e15_last_sof
 .bss.filter    0x20001e64        0x4 CMakeFiles/pico2_blinky.dir/home/lucanotreally/progetti/elettronica/rpi_pico/pico-sdk/src/rp2_common/pico_stdio/stdio.c.o
 .bss.hw_endpoints
                0x20001e68      0x400 CMakeFiles/pico2_blinky.dir/home/lucanotreally/progetti/elettronica/rpi_pico/pico-sdk/lib/tinyusb/src/portable/raspberrypi/rp2040/dcd_rp2040.c.o
 .bss.lazy_vsnprintf
                0x20002268        0x4 CMakeFiles/pico2_blinky.dir/home/lucanotreally/progetti/elettronica/rpi_pico/pico-sdk/src/rp2_common/pico_printf/printf.c.o
 .bss.load_value
                0x2000226c        0x4 CMakeFiles/pico2_blinky.dir/home/lucanotreally/progetti/elettronica/rpi_pico/pico-sdk/src/rp2_common/hardware_watchdog/watchdog.c.o
 .bss.next_buffer_ptr
                0x20002270        0x4 CMakeFiles/pico2_blinky.dir/home/lucanotreally/progetti/elettronica/rpi_pico/pico-sdk/lib/tinyusb/src/portable/raspberrypi/rp2040/dcd_rp2040.c.o
 .bss.object.0  0x20002274       0x18 /usr/lib/gcc/arm-none-eabi/14.2.0/thumb/v8-m.main+fp/softfp/crtbegin.o
 .bss.one_shot_timer_crit_sec
                0x2000228c        0x8 CMakeFiles/pico2_blinky.dir/home/lucanotreally/progetti/elettronica/rpi_pico/pico-sdk/src/rp2_common/pico_stdio_usb/stdio_usb.c.o
 .bss.pools     0x20002294       0x20 CMakeFiles/pico2_blinky.dir/home/lucanotreally/progetti/elettronica/rpi_pico/pico-sdk/src/common/pico_time/time.c.o
 .bss.retrieved_id
                0x200022b4        0x8 CMakeFiles/pico2_blinky.dir/home/lucanotreally/progetti/elettronica/rpi_pico/pico-sdk/src/rp2_common/pico_unique_id/unique_id.c.o
 .bss.sleep_notifier
                0x200022bc        0x4 CMakeFiles/pico2_blinky.dir/home/lucanotreally/progetti/elettronica/rpi_pico/pico-sdk/src/common/pico_time/time.c.o
 .bss.sm        0x200022c0        0x4 CMakeFiles/pico2_blinky.dir/main.c.o
                0x200022c0                sm
 .bss.stdio_usb_mutex
                0x200022c4        0x8 CMakeFiles/pico2_blinky.dir/home/lucanotreally/progetti/elettronica/rpi_pico/pico-sdk/src/rp2_common/pico_stdio_usb/stdio_usb.c.o
 .bss.uart_char_to_line_feed
                0x200022cc        0x4 CMakeFiles/pico2_blinky.dir/home/lucanotreally/progetti/elettronica/rpi_pico/pico-sdk/src/rp2_common/hardware_uart/uart.c.o
                0x200022cc                uart_char_to_line_feed
 .bss.usbd_serial_str
                0x200022d0       0x11 CMakeFiles/pico2_blinky.dir/home/lucanotreally/progetti/elettronica/rpi_pico/pico-sdk/src/rp2_common/pico_stdio_usb/stdio_usb_descriptors.c.o
 *fill*         0x200022e1        0x3 
 .bss.voice_to_frequency
                0x200022e4       0x18 CMakeFiles/pico2_blinky.dir/main.c.o
                0x200022e4                voice_to_frequency
 .bss.voice_to_gate
                0x200022fc        0x6 CMakeFiles/pico2_blinky.dir/main.c.o
                0x200022fc                voice_to_gate
 .bss._app_driver_count
                0x20002302        0x1 CMakeFiles/pico2_blinky.dir/home/lucanotreally/progetti/elettronica/rpi_pico/pico-sdk/lib/tinyusb/src/device/usbd.c.o
 .bss._sof_enable
                0x20002303        0x1 CMakeFiles/pico2_blinky.dir/home/lucanotreally/progetti/elettronica/rpi_pico/pico-sdk/lib/tinyusb/src/portable/raspberrypi/rp2040/dcd_rp2040.c.o
 .bss._usbd_queued_setup
                0x20002304        0x1 CMakeFiles/pico2_blinky.dir/home/lucanotreally/progetti/elettronica/rpi_pico/pico-sdk/lib/tinyusb/src/device/usbd.c.o
 .bss.curr_voice
                0x20002305        0x1 CMakeFiles/pico2_blinky.dir/main.c.o
                0x20002305                curr_voice
 .bss.irq_handler_chain_free_slot_head
                0x20002306        0x1 CMakeFiles/pico2_blinky.dir/home/lucanotreally/progetti/elettronica/rpi_pico/pico-sdk/src/rp2_common/hardware_irq/irq.c.o
 .bss.itf_num   0x20002307        0x1 CMakeFiles/pico2_blinky.dir/home/lucanotreally/progetti/elettronica/rpi_pico/pico-sdk/src/rp2_common/pico_stdio_usb/reset_interface.c.o
 .bss.low_priority_irq_num
                0x20002308        0x1 CMakeFiles/pico2_blinky.dir/home/lucanotreally/progetti/elettronica/rpi_pico/pico-sdk/src/rp2_common/pico_stdio_usb/stdio_usb.c.o
 .bss.one_shot_timer_pending
                0x20002309        0x1 CMakeFiles/pico2_blinky.dir/home/lucanotreally/progetti/elettronica/rpi_pico/pico-sdk/src/rp2_common/pico_stdio_usb/stdio_usb.c.o
 .bss.user_irq_claimed
                0x2000230a        0x1 CMakeFiles/pico2_blinky.dir/home/lucanotreally/progetti/elettronica/rpi_pico/pico-sdk/src/rp2_common/hardware_irq/irq.c.o
 *(COMMON)
                [!provide]                        PROVIDE (__global_pointer$ = (. + 0x800))
 *(.sbss*)
                0x2000230c                        . = ALIGN (0x4)